/home/pw26_akp_01/CAPSTONE/DL_model/summer_work/datasets/wisig_manytx.py:128: VisibleDeprecationWarning: dtype(): align should be passed as Python or NumPy boolean but got `align=0`. Did you mean to pass a tuple to create a subarray type? (Deprecated NumPy 2.4)
  D = pickle.load(f)
/home/pw26_akp_01/rf_env/lib/python3.12/site-packages/sklearn/manifold/_spectral_embedding.py:324: UserWarning: Graph is not fully connected, spectral embedding may not work as expected.
  warnings.warn(
/home/pw26_akp_01/rf_env/lib/python3.12/site-packages/sklearn/manifold/_spectral_embedding.py:324: UserWarning: Graph is not fully connected, spectral embedding may not work as expected.
  warnings.warn(
/home/pw26_akp_01/rf_env/lib/python3.12/site-packages/sklearn/manifold/_spectral_embedding.py:324: UserWarning: Graph is not fully connected, spectral embedding may not work as expected.
  warnings.warn(
/home/pw26_akp_01/rf_env/lib/python3.12/site-packages/sklearn/manifold/_spectral_embedding.py:324: UserWarning: Graph is not fully connected, spectral embedding may not work as expected.
  warnings.warn(
/home/pw26_akp_01/rf_env/lib/python3.12/site-packages/sklearn/manifold/_spectral_embedding.py:324: UserWarning: Graph is not fully connected, spectral embedding may not work as expected.
  warnings.warn(
/home/pw26_akp_01/rf_env/lib/python3.12/site-packages/sklearn/manifold/_spectral_embedding.py:324: UserWarning: Graph is not fully connected, spectral embedding may not work as expected.
  warnings.warn(
/home/pw26_akp_01/rf_env/lib/python3.12/site-packages/sklearn/manifold/_spectral_embedding.py:324: UserWarning: Graph is not fully connected, spectral embedding may not work as expected.
  warnings.warn(
/home/pw26_akp_01/rf_env/lib/python3.12/site-packages/sklearn/manifold/_spectral_embedding.py:324: UserWarning: Graph is not fully connected, spectral embedding may not work as expected.
  warnings.warn(
/home/pw26_akp_01/rf_env/lib/python3.12/site-packages/sklearn/manifold/_spectral_embedding.py:324: UserWarning: Graph is not fully connected, spectral embedding may not work as expected.
  warnings.warn(
/home/pw26_akp_01/rf_env/lib/python3.12/site-packages/sklearn/manifold/_spectral_embedding.py:324: UserWarning: Graph is not fully connected, spectral embedding may not work as expected.
  warnings.warn(
/home/pw26_akp_01/rf_env/lib/python3.12/site-packages/sklearn/manifold/_spectral_embedding.py:324: UserWarning: Graph is not fully connected, spectral embedding may not work as expected.
  warnings.warn(
/home/pw26_akp_01/rf_env/lib/python3.12/site-packages/sklearn/manifold/_spectral_embedding.py:324: UserWarning: Graph is not fully connected, spectral embedding may not work as expected.
  warnings.warn(
/home/pw26_akp_01/rf_env/lib/python3.12/site-packages/sklearn/manifold/_spectral_embedding.py:324: UserWarning: Graph is not fully connected, spectral embedding may not work as expected.
  warnings.warn(
/home/pw26_akp_01/rf_env/lib/python3.12/site-packages/sklearn/manifold/_spectral_embedding.py:324: UserWarning: Graph is not fully connected, spectral embedding may not work as expected.
  warnings.warn(
/home/pw26_akp_01/rf_env/lib/python3.12/site-packages/sklearn/manifold/_spectral_embedding.py:324: UserWarning: Graph is not fully connected, spectral embedding may not work as expected.
  warnings.warn(
/home/pw26_akp_01/rf_env/lib/python3.12/site-packages/sklearn/manifold/_spectral_embedding.py:324: UserWarning: Graph is not fully connected, spectral embedding may not work as expected.
  warnings.warn(
loading ManyTx (eq=0)...
[0] frozen encoder (head-free 512-D) ...

==============================================================================
TASK 1 — FINENESS DISENTANGLE (board-20 K13, locked harness)
==============================================================================
    HDBSCAN mcs grid for WiSig = [13, 15, 17] (locked §4.3)
  (a) same-board20 K13 P1: HDBmean=0.678 oracle km=0.736/sp=0.288 kNN1=0.994 gap=0.476
  (a) same-board20 K13 P2: HDBmean=0.519 oracle km=0.781/sp=0.147 kNN1=0.988 gap=0.469
  (b) mixed-board K13 P1: HDBmean=0.736+/-0.023 oracle km=0.854+/-0.07/sp=0.314 kNN1=0.997
  (b) mixed-board K13 P2: HDBmean=0.617+/-0.019 oracle km=0.734+/-0.043/sp=0.344 kNN1=0.994
  (c) same-board20 K8 (re-scored) P1: HDBmean=0.679 oracle km=0.823/sp=0.297
  (c) same-board20 K8 (re-scored) P2: HDBmean=0.532 oracle km=0.754/sp=0.261

[T1] BOARD-18 IDIOSYNCRATIC: same-board K13 km=0.781 ~= mixed K13 0.734 and both high; same-board K8->K13 0.754->0.781 stays high -> TEST is a hard single-batch instance, not K-scaling.

==============================================================================
TASK 2 — BLOCK-SCALED HYBRID (alpha tuned on mavicAir2s, frozen, one-shot mavicAir2)
==============================================================================
[H1] fitting frozen PCA-64 basis on 8 airframes (NO mavicAir2/mavicAir2s): ['mavic3_1', 'mavic3C_1', 'mavic3S_1', 'mini3pro_1', 'mini3pro_2', 'mini4PRO_1', 'mini4PRO_2', 'mini5PRO_1']
     PCA-64 fit on 2560 windows; explained var ratio sum=0.994

[H2] tuning (variant, alpha) on mavicAir2s (7) — condition-disjoint E1, condition-purity control
    Ea a=0.2: HDBmean=0.259 oracle km=0.341/sp=0.340 | ctrl airframe-ARI=0.341 vs D-ARI=0.135 ok
    Ea a=0.35: HDBmean=0.258 oracle km=0.433/sp=0.461 | ctrl airframe-ARI=0.433 vs D-ARI=0.235 ok
    Ea a=0.5: HDBmean=0.264 oracle km=0.487/sp=0.571 | ctrl airframe-ARI=0.487 vs D-ARI=0.216 ok
    Ea a=0.65: HDBmean=0.268 oracle km=0.554/sp=0.564 | ctrl airframe-ARI=0.554 vs D-ARI=0.242 ok
    Ea a=0.8: HDBmean=0.411 oracle km=0.537/sp=0.625 | ctrl airframe-ARI=0.537 vs D-ARI=0.238 ok
    Eb a=0.2: HDBmean=0.256 oracle km=0.331/sp=0.337 | ctrl airframe-ARI=0.331 vs D-ARI=0.201 ok
    Eb a=0.35: HDBmean=0.265 oracle km=0.448/sp=0.475 | ctrl airframe-ARI=0.448 vs D-ARI=0.197 ok
    Eb a=0.5: HDBmean=0.265 oracle km=0.636/sp=0.669 | ctrl airframe-ARI=0.636 vs D-ARI=0.324 ok
    Eb a=0.65: HDBmean=0.509 oracle km=0.786/sp=0.797 | ctrl airframe-ARI=0.786 vs D-ARI=0.320 ok
    Eb a=0.8: HDBmean=0.511 oracle km=0.806/sp=0.803 | ctrl airframe-ARI=0.806 vs D-ARI=0.322 ok

[H2] FROZEN choice = variant Eb, alpha 0.8 (HDBmean=0.511, oracle km=0.806; selected 2026-07-10T15:45:12 .. 2026-07-10T15:45:16, BEFORE any mavicAir2 eval)

[H3] ONE-SHOT mavicAir2 eval with FROZEN ('Eb', 0.8) (E1 + E0) @ 2026-07-10T15:45:16
    mavicAir2 E1: HDBmean=0.197 oracle km=0.371/sp=0.36 kNN1=0.777 gap=0.384
    mavicAir2 E0: HDBmean=0.049 oracle km=0.081/sp=0.096 kNN1=0.729 gap=0.071

[H3b] in-domain preservation: mixed-board K13 slice (seed 501), P2, same hybrid construction
    in-domain encoder-only: oracle km=0.675/sp=0.231 HDBmean=0.609
    in-domain HYBRID:       oracle km=0.652/sp=0.162 HDBmean=0.438

[H4] WORSE: weighted hybrid mavicAir2 E1 HDBmean=0.197 (vs best existing 0.245, -0.048), oracle sp=0.36 (vs 0.541, -0.181), km=0.371. In-domain: PRESERVES in-domain (encoder km 0.675 -> hybrid 0.652, drop +0.023).

saved -> results/step8_disentangle_hybrid/ (fineness_k13.csv, hybrid_alpha_dev.csv, hybrid_final.csv, report.json)
CHECKPOINT — frozen; locked harness; TEST/M100 sealed; mavicAir2 touched once; battery complete.
