/home/pw26_akp_01/CAPSTONE/DL_model/summer_work/datasets/wisig_manytx.py:128: VisibleDeprecationWarning: dtype(): align should be passed as Python or NumPy boolean but got `align=0`. Did you mean to pass a tuple to create a subarray type? (Deprecated NumPy 2.4)
  D = pickle.load(f)
/home/pw26_akp_01/rf_env/lib/python3.12/site-packages/sklearn/manifold/_spectral_embedding.py:324: UserWarning: Graph is not fully connected, spectral embedding may not work as expected.
  warnings.warn(
/home/pw26_akp_01/rf_env/lib/python3.12/site-packages/sklearn/manifold/_spectral_embedding.py:324: UserWarning: Graph is not fully connected, spectral embedding may not work as expected.
  warnings.warn(
/home/pw26_akp_01/rf_env/lib/python3.12/site-packages/sklearn/manifold/_spectral_embedding.py:324: UserWarning: Graph is not fully connected, spectral embedding may not work as expected.
  warnings.warn(
/home/pw26_akp_01/rf_env/lib/python3.12/site-packages/sklearn/manifold/_spectral_embedding.py:324: UserWarning: Graph is not fully connected, spectral embedding may not work as expected.
  warnings.warn(
/home/pw26_akp_01/rf_env/lib/python3.12/site-packages/sklearn/manifold/_spectral_embedding.py:324: UserWarning: Graph is not fully connected, spectral embedding may not work as expected.
  warnings.warn(
/home/pw26_akp_01/rf_env/lib/python3.12/site-packages/sklearn/manifold/_spectral_embedding.py:324: UserWarning: Graph is not fully connected, spectral embedding may not work as expected.
  warnings.warn(
/home/pw26_akp_01/rf_env/lib/python3.12/site-packages/sklearn/manifold/_spectral_embedding.py:324: UserWarning: Graph is not fully connected, spectral embedding may not work as expected.
  warnings.warn(
/home/pw26_akp_01/rf_env/lib/python3.12/site-packages/sklearn/manifold/_spectral_embedding.py:324: UserWarning: Graph is not fully connected, spectral embedding may not work as expected.
  warnings.warn(
[data] building DRFF adaptation pool (15 airframes, OPT-B) ...
    pool windows: 25399 (21585 train / 3814 val, 2490 segments)
      mavic3_1       idx 0:  2000 win (1703 tr / 297 val)
      mavic3C_1      idx 1:  2000 win (1723 tr / 277 val)
      mavic3S_1      idx 2:  2000 win (1698 tr / 302 val)
      mavicAir2s_1   idx 3:  2000 win (1692 tr / 308 val)
      mavicAir2s_2   idx 4:  2000 win (1688 tr / 312 val)
      mavicAir2s_3   idx 5:  2000 win (1738 tr / 262 val)
      mavicAir2s_4   idx 6:   336 win (288 tr / 48 val)
      mavicAir2s_5   idx 7:   204 win (176 tr / 28 val)
      mavicAir2s_6   idx 8:   859 win (734 tr / 125 val)
      mavicAir2s_7   idx 9:  2000 win (1692 tr / 308 val)
      mini3pro_1     idx10:  2000 win (1694 tr / 306 val)
      mini3pro_2     idx11:  2000 win (1690 tr / 310 val)
      mini4PRO_1     idx12:  2000 win (1707 tr / 293 val)
      mini4PRO_2     idx13:  2000 win (1679 tr / 321 val)
      mini5PRO_1     idx14:  2000 win (1683 tr / 317 val)
[data] STFT for pool ...
[data] building mavicAir2 EVAL group (quarantined, cap 320) ...
    eval windows: 2560, 254 segments, 8 airframes
[data] loading WiSig (ManyTx) for replay + retention ...
    replay windows: 27250 from 109 WiSig train devices

================================================================================
FROZEN BASELINE (no gradient) — sanity vs known frozen numbers (E1 ~0.075/0.218)
================================================================================
  [baseline] E1 HDB=0.114 oracleK@8=0.341 (km0.309/sp0.341) | E0 HDB=0.023 | kNN1=0.555 gap=0.046 | probe=0.667 | retention oracleK@18=0.746 (HDB 0.586)

=== TRAIN R1 — LR=1e-03, trainable params=296,960 (steps=3000, warmup=300, batch=150) ===
    step  500: loss=3.8824 val_gap=+0.0889 lr=9.87e-04  <-best
    step 1000: loss=3.8670 val_gap=+0.0927 lr=8.43e-04  <-best
    step 1500: loss=3.7349 val_gap=+0.1014 lr=5.87e-04  <-best
    step 2000: loss=3.7657 val_gap=+0.0984 lr=3.02e-04
    step 2500: loss=3.7653 val_gap=+0.0982 lr=8.23e-05
    step 3000: loss=3.7277 val_gap=+0.0973 lr=0.00e+00
  best ckpt: step 1500 (val_gap +0.1014)
  [R1] E1 HDB=0.128 oracleK@8=0.329 (km0.256/sp0.329) | E0 HDB=0.021 | kNN1=0.602 gap=0.061 | probe=0.6 | retention oracleK@18=0.752 (HDB 0.575)

=== TRAIN R2 — LR=1e-04, trainable params=830,848 (steps=3000, warmup=300, batch=150) ===
    step  500: loss=3.9580 val_gap=+0.1063 lr=9.87e-05  <-best
    step 1000: loss=3.9208 val_gap=+0.1126 lr=8.43e-05  <-best
    step 1500: loss=3.7947 val_gap=+0.1103 lr=5.87e-05
    step 2000: loss=3.8200 val_gap=+0.1095 lr=3.02e-05
    step 2500: loss=3.8401 val_gap=+0.1117 lr=8.23e-06
    step 3000: loss=3.7924 val_gap=+0.1119 lr=0.00e+00
  best ckpt: step 1000 (val_gap +0.1126)
  [R2] E1 HDB=0.118 oracleK@8=0.237 (km0.176/sp0.237) | E0 HDB=0.083 | kNN1=0.566 gap=0.054 | probe=0.6 | retention oracleK@18=0.736 (HDB 0.54)

=== TRAIN R3 — LR=5e-05, trainable params=1,490,944 (steps=3000, warmup=300, batch=150) ===
    step  500: loss=3.9058 val_gap=+0.1324 lr=4.93e-05  <-best
    step 1000: loss=3.8644 val_gap=+0.1281 lr=4.22e-05
    step 1500: loss=3.7551 val_gap=+0.1271 lr=2.93e-05
    step 2000: loss=3.7587 val_gap=+0.1236 lr=1.51e-05
    step 2500: loss=3.7854 val_gap=+0.1203 lr=4.11e-06
    step 3000: loss=3.7134 val_gap=+0.1217 lr=0.00e+00
  best ckpt: step 500 (val_gap +0.1324)
  [R3] E1 HDB=0.105 oracleK@8=0.216 (km0.182/sp0.216) | E0 HDB=0.02 | kNN1=0.586 gap=0.058 | probe=0.667 | retention oracleK@18=0.725 (HDB 0.531)

================================================================================
COMBINED TABLE (mavicAir2 EVAL, 512-D pre-projection)
================================================================================
   recipe  E1_HDB  E1_orK8  E0_HDB   kNN1     gap  probe retain_orK18
 baseline   0.114    0.341   0.023  0.555   0.046  0.667        0.746
       R1   0.128    0.329   0.021  0.602   0.061    0.6        0.752
       R2   0.118    0.237   0.083  0.566   0.054    0.6        0.736
       R3   0.105    0.216    0.02  0.586   0.058  0.667        0.725

Retention (bar 0.65): {'baseline': (0.746, 'OK'), 'R1': (0.752, 'OK'), 'R2': (0.736, 'OK'), 'R3': (0.725, 'OK')}
Deployable movement: HDBSCAN moved +0.014, oracle-K +-0.012

=== PRE-REGISTERED GATE ===
FAIL: best recipe R1 mavicAir2 E1 oracle-K@8=0.329 (<0.35)

saved -> results/step6_adaptation/ (combined_table.csv, curve_*.csv, report.json); ckpts -> runs/drff_adapt/<recipe>/
CHECKPOINT — best_model.pt untouched; mavicAir2 quarantined; TEST/M100 sealed; battery complete.
