discover set: 41 held-out Tx from boards ['5', '18', '4', '16', '20']

=== STAGE 1 — EMBED ===
  loaded cached embeddings from /home/pw26_akp_01/CAPSTONE/DL_model/summer_work/runs/wisig_supcon_fft64/discover/discover_embeddings.npz
  #signals=142113  #true devices=41 (expect 41)  emb shape=(142113, 128)
  embedding norm: mean=1.0000 std=3.54e-08 (L2-normalized sanity OK)
  signals/Tx: min=2908 median=3571 max=3600

=== STAGE 2 — HDBSCAN sweep (raw 128-D, euclidean on unit vectors) ===
min_cs  K_est  |K-41|  noise% |    ARI    NMI      V  purity  (noise EXCLUDED)
    10     84      43   19.7% |  0.227  0.652  0.652   0.302   (620s)
    15     61      20   29.2% |  0.294  0.680  0.680   0.347   (614s)
    20     29      12   13.5% |  0.126  0.579  0.579   0.232   (616s)
    25     40       1   24.8% |  0.264  0.687  0.687   0.327   (639s)
    30     24      17   13.4% |  0.125  0.579  0.579   0.231   (642s)

=== STAGE 3 — noise-assigned metrics (every point -> nearest centroid) ===
min_cs  noise% |    ARI    NMI      V  purity  (ALL points)
    10   19.7% |  0.222  0.600  0.600   0.337
    15   29.2% |  0.265  0.603  0.603   0.354
    20   13.5% |  0.130  0.536  0.536   0.247
    25   24.8% |  0.242  0.606  0.606   0.329
    30   13.4% |  0.130  0.536  0.536   0.241

=== STAGE 3 — cluster diagnostics (anti-self-deception) ===
min_cs  K_est  largest%  own_cluster  lost(no cluster)  plurality=noise
    10     84     26.8%        26/41             15/41             5/41
    15     61     21.7%        22/41             19/41            13/41
    20     29     44.6%        19/41             22/41             3/41
    25     40     23.3%        23/41             18/41             7/41
    30     24     45.0%        17/41             24/41             3/41

  cluster-size distribution @ min_cs=25 (closest K to 41): [24880, 21788, 12332, 9342, 8732, 7502, 3398, 2694, 2294, 2033, 1627, 1615, 1371, 997, 995, 932, 818, 649, 551, 380, 313, 291, 182, 146, 130, 128, 94, 94, 88, 82, 58, 33, 32, 32, 31, 31, 31, 29, 27, 26]

=== STAGE 4 — greedy EmitterRegistry baseline (same embeddings) ===
  calibrated threshold=0.3709 (same-Tx cos=0.7295, diff-Tx cos=0.0123)
  emitters discovered=19 (true 41, |K-41|=22)  UNDER-MERGE
  ARI=0.275 NMI=0.597 V=0.597 purity=0.313  (all points, no noise concept)

saved -> /home/pw26_akp_01/CAPSTONE/DL_model/summer_work/runs/wisig_supcon_fft64/discover/discover_report.json

CHECKPOINT — operating point NOT auto-picked. Review tables above and choose together.
