/home/pw26_akp_01/CAPSTONE/DL_model/summer_work/datasets/wisig_manytx.py:128: VisibleDeprecationWarning: dtype(): align should be passed as Python or NumPy boolean but got `align=0`. Did you mean to pass a tuple to create a subarray type? (Deprecated NumPy 2.4)
  D = pickle.load(f)
GPU: NVIDIA GeForce RTX 4090
Loading /home/pw26_akp_01/CAPSTONE/phase3_dataset/ManyTx.pkl (eq=0) ...
  loaded 150 Tx, 511515 signals, sig dtype=float32
SMOKE trains on OLD board split (A/B): train=109 held=41

=== CHANGE 4 — scattered split -> /home/pw26_akp_01/CAPSTONE/DL_model/summer_work/runs/wisig_supcon_fft64/splits/split_manytx_scatter.json (held spans rows [1, 2, 3, 4, 5, 6, 7, 8, 9, 10, 11, 12, 13, 14, 15, 16, 17, 18, 19, 20]) ===

=== CHANGE 1 — negative-weight curve (TARGET) w=1+(W_MAX-1)*sigmoid((cos-S0)/BETA) ===
  S0=0.7  BETA=0.15  W_MAX_TGT=2.5  | W_MAX annealed 1 -> 2.5 over steps [1500,4000]
      cos | -0.030  0.200  0.400  0.500  0.600  0.700  0.800  0.900  0.950  0.986  1.000
   weight |   1.01   1.05   1.18   1.31   1.51   1.75   1.99   2.19   2.26   2.31   2.32
  -> killer cos 0.986 -> weight 2.31; moderate cos 0.5 -> 1.31; easy ~-0.03 -> ~1.0 (S0=0.7 concentrates on truly-hard)
  curve plot -> /home/pw26_akp_01/CAPSTONE/DL_model/summer_work/runs/wisig_supcon_fft64/discover/hardneg_weight_curve.png

=== BASELINE (eq=0 best_model.pt) on 41 held-out ===
  nearest-confuser cos median=0.9870 mean=0.9098 | intra=0.830 inter=-0.029 gap=0.859 rx_gap=0.045
  val-ARI (HDBSCAN on 16-device worst-pair slice) = 0.182 (noise 4%)

=== CHANGE 2 — co-occurrence: confuser-aware 0.858  random 0.281  | at frac=0.3 expected-mix 0.454 ===
  effective hard-neg pressure = W_MAX(phase) x mix-co-occurrence: vanilla 1x0.45=0.45 -> target 2.5x0.45=1.14 (v1 was 6x0.86=5.2)

=== SMOKE TRAIN — 5000 steps, 32x8, tau=0.5 const, LR=0.0005, W_MAX 1->2.5 anneal [1500,4000], confuser_frac=0.3, select=val-ARI ===
step     1 loss=5.540 wmax=1.00 effP=0.22 | valARI=-0.000 | nn med=0.9999 mean=0.9999 | intra=0.990 inter=0.989 rx_gap=0.001
step   250 loss=5.328 wmax=1.00 effP=0.44 | valARI=0.001 | nn med=0.9995 mean=0.9979 | intra=0.786 inter=0.413 rx_gap=0.057
step   500 loss=4.615 wmax=1.00 effP=0.45 | valARI=0.171 | nn med=0.9946 mean=0.9689 | intra=0.775 inter=-0.007 rx_gap=0.041
step   750 loss=4.699 wmax=1.00 effP=0.40 | valARI=0.157 | nn med=0.9927 mean=0.9654 | intra=0.801 inter=-0.002 rx_gap=0.045
step  1000 loss=4.445 wmax=1.00 effP=0.41 | valARI=0.173 | nn med=0.9911 mean=0.9506 | intra=0.803 inter=-0.029 rx_gap=0.045
step  1250 loss=4.503 wmax=1.00 effP=0.44 | valARI=0.171 | nn med=0.9872 mean=0.9562 | intra=0.823 inter=0.005 rx_gap=0.045
step  1500 loss=4.300 wmax=1.00 effP=0.43 | valARI=0.172 | nn med=0.9838 mean=0.9526 | intra=0.810 inter=-0.007 rx_gap=0.038
step  1750 loss=4.547 wmax=1.04 effP=0.48 | valARI=0.173 | nn med=0.9876 mean=0.9502 | intra=0.783 inter=-0.028 rx_gap=0.045
step  2000 loss=4.562 wmax=1.14 effP=0.51 | valARI=0.175 | nn med=0.9824 mean=0.9382 | intra=0.792 inter=-0.030 rx_gap=0.036
step  2250 loss=4.589 wmax=1.31 effP=0.64 | valARI=0.175 | nn med=0.9830 mean=0.9414 | intra=0.796 inter=-0.020 rx_gap=0.046
step  2500 loss=4.712 wmax=1.52 effP=0.67 | valARI=0.174 | nn med=0.9816 mean=0.9154 | intra=0.765 inter=-0.015 rx_gap=0.054
step  2750 loss=4.795 wmax=1.75 effP=0.75 | valARI=0.172 | nn med=0.9708 mean=0.9219 | intra=0.787 inter=-0.016 rx_gap=0.063
step  3000 loss=4.880 wmax=1.98 effP=0.87 | valARI=0.172 | nn med=0.9731 mean=0.9086 | intra=0.788 inter=-0.018 rx_gap=0.061
step  3250 loss=4.650 wmax=2.19 effP=1.03 | valARI=0.172 | nn med=0.9734 mean=0.9071 | intra=0.765 inter=-0.015 rx_gap=0.060
step  3500 loss=4.688 wmax=2.36 effP=1.05 | valARI=0.175 | nn med=0.9587 mean=0.9064 | intra=0.751 inter=-0.019 rx_gap=0.075
step  3750 loss=4.586 wmax=2.46 effP=1.12 | valARI=0.173 | nn med=0.9667 mean=0.9028 | intra=0.763 inter=-0.007 rx_gap=0.063
step  4000 loss=4.581 wmax=2.50 effP=1.14 | valARI=0.164 | nn med=0.9620 mean=0.9025 | intra=0.758 inter=0.007 rx_gap=0.067
step  4250 loss=4.749 wmax=2.50 effP=1.10 | valARI=0.176 | nn med=0.9612 mean=0.8886 | intra=0.758 inter=0.001 rx_gap=0.059
step  4500 loss=4.605 wmax=2.50 effP=1.03 | valARI=0.175 | nn med=0.9668 mean=0.8789 | intra=0.760 inter=-0.027 rx_gap=0.055
step  4750 loss=4.607 wmax=2.50 effP=1.08 | valARI=0.174 | nn med=0.9528 mean=0.8795 | intra=0.738 inter=-0.019 rx_gap=0.074
step  5000 loss=4.457 wmax=2.50 effP=1.09 | valARI=0.174 | nn med=0.9519 mean=0.8654 | intra=0.742 inter=-0.011 rx_gap=0.076

=== SMOKE BEST by val-ARI (step 4250) — 3.4 min ===
  val-ARI            : baseline 0.182 -> 0.176  (-0.006)
  nearest-confuser   : median 0.9870 -> 0.9612   mean 0.9098 -> 0.8886
  intra-cos (>=0.8?) : baseline 0.830 -> 0.758  BELOW 0.8
  inter-cos (collapse): baseline -0.029 -> 0.001   rx_gap 0.059

  worst-10 baseline pairs — centroid cosine baseline -> smoke-best:
       18-12/18-16  0.9999 -> 0.9995  (-0.0004)
         20-3/20-4  0.9992 -> 0.9993  (+0.0001)
       18-10/20-16  0.9966 -> 0.9895  (-0.0070)
        16-20/18-5  0.9965 -> 0.9948  (-0.0017)
         18-1/18-7  0.9949 -> 0.9960  (+0.0011)
         18-4/5-16  0.9911 -> 0.9822  (-0.0089)
        16-19/5-16  0.9904 -> 0.9834  (-0.0070)
       18-17/20-16  0.9888 -> 0.9643  (-0.0245)
       18-14/18-15  0.9887 -> 0.9612  (-0.0274)
           5-1/5-5  0.9884 -> 0.9468  (-0.0416)

=== VERDICT (smoke) ===
  - intra at end-of-vanilla-phase (step 1500) = 0.810; best-ckpt intra = 0.758; final intra = 0.742
  - intra>=0.8: NO | nn-confuser<0.976: YES (0.9612) | val-ARI up: NO (0.182->0.176)
  - PARTIAL: not all gates met; inspect trajectory before committing a full run

saved -> /home/pw26_akp_01/CAPSTONE/DL_model/summer_work/runs/wisig_supcon_fft64/discover/hardneg_smoke_report.json
smoke best ckpt -> /home/pw26_akp_01/CAPSTONE/DL_model/summer_work/runs/wisig_supcon_fft64/discover/hardneg_smoke_best.pt  (best_model.pt UNTOUCHED)

CHECKPOINT — smoke only. No full retrain, no drones/drive.
