/home/pw26_akp_01/CAPSTONE/DL_model/summer_work/datasets/wisig_manytx.py:128: VisibleDeprecationWarning: dtype(): align should be passed as Python or NumPy boolean but got `align=0`. Did you mean to pass a tuple to create a subarray type? (Deprecated NumPy 2.4)
  D = pickle.load(f)
GPU: NVIDIA GeForce RTX 4090
Loading /home/pw26_akp_01/CAPSTONE/phase3_dataset/ManyTx.pkl (eq=0) ...
  loaded 150 Tx, 511515 signals, sig dtype=float32
SMOKE trains on OLD board split (clean A/B): train=109 held=41

=== CHANGE 4 — scattered held-out split written -> /home/pw26_akp_01/CAPSTONE/DL_model/summer_work/runs/wisig_supcon_fft64/splits/split_manytx_scatter.json ===
  held=41 train=109 | rows covered by held-out: [1, 2, 3, 4, 5, 6, 7, 8, 9, 10, 11, 12, 13, 14, 15, 16, 17, 18, 19, 20] (vs old whole-row holdout of [4,5,16,18,20])

=== CHANGE 1 — negative-weight curve  w(cos) = 1 + (W_MAX-1)*sigmoid((cos-S0)/BETA) ===
  S0=0.5  BETA=0.15  W_MAX=6.0  (semi-hard: easy negs ~1, hard negs -> 6.0, bounded)
      cos | -0.200  0.000  0.200  0.400  0.500  0.600  0.700  0.800  0.900  0.950  0.986  0.999  1.000
   weight |   1.05   1.17   1.60   2.70   3.50   4.30   4.96   5.40   5.68   5.76   5.81   5.83   5.83
  -> baseline killer cos 0.986 gets weight 5.81; mean inter-cos ~-0.03 stays ~1.0 (easy negs untouched)
  curve plot -> /home/pw26_akp_01/CAPSTONE/DL_model/summer_work/runs/wisig_supcon_fft64/discover/hardneg_weight_curve.png

=== BASELINE (eq=0 best_model.pt) on 41 held-out ===
  nearest-confuser cos: median=0.9870 mean=0.9098  (the killer metric)
  intra=0.830 inter=-0.029 gap=0.859 rx_gap=0.045
  worst-10 pairs (tracked through training):
       18-12/18-16  cos=0.9999
         20-3/20-4  cos=0.9992
       18-10/20-16  cos=0.9966
        16-20/18-5  cos=0.9965
         18-1/18-7  cos=0.9949
         18-4/5-16  cos=0.9911
        16-19/5-16  cos=0.9904
       18-17/20-16  cos=0.9888
       18-14/18-15  cos=0.9887
           5-1/5-5  cos=0.9884

=== CHANGE 2 — confuser co-occurrence (top-1 confuser in same batch) ===
  confuser-aware sampling: 0.858   random sampling: 0.281  (x3.0)

=== SMOKE TRAIN — 3500 steps, batch 32x8, tau=0.5 (const), LR=0.0005, hard-neg W_MAX=6.0, confuser_frac=0.5 ===
step     1/3500 loss=7.278 | nn-confuser med=0.9999 mean=0.9999 | intra=0.990 inter=0.989 gap=0.001 rx_gap=0.001
step   250/3500 loss=6.165 | nn-confuser med=0.9804 mean=0.9753 | intra=0.236 inter=0.164 gap=0.073 rx_gap=0.094
step   500/3500 loss=5.894 | nn-confuser med=0.9518 mean=0.9360 | intra=0.145 inter=0.032 gap=0.113 rx_gap=0.112
step   750/3500 loss=5.777 | nn-confuser med=0.9464 mean=0.9262 | intra=0.149 inter=0.019 gap=0.129 rx_gap=0.080
step  1000/3500 loss=5.726 | nn-confuser med=0.9395 mean=0.9149 | intra=0.158 inter=0.016 gap=0.142 rx_gap=0.097
step  1250/3500 loss=5.675 | nn-confuser med=0.9510 mean=0.9188 | intra=0.181 inter=0.017 gap=0.165 rx_gap=0.093
step  1500/3500 loss=5.702 | nn-confuser med=0.9413 mean=0.9295 | intra=0.234 inter=-0.003 gap=0.236 rx_gap=0.076
step  1750/3500 loss=5.623 | nn-confuser med=0.9383 mean=0.9158 | intra=0.264 inter=0.006 gap=0.258 rx_gap=0.055
step  2000/3500 loss=5.640 | nn-confuser med=0.9525 mean=0.9147 | intra=0.256 inter=-0.003 gap=0.259 rx_gap=0.046
step  2250/3500 loss=5.525 | nn-confuser med=0.9736 mean=0.9246 | intra=0.336 inter=0.001 gap=0.335 rx_gap=0.030
step  2500/3500 loss=5.735 | nn-confuser med=0.9589 mean=0.9256 | intra=0.309 inter=-0.005 gap=0.314 rx_gap=0.040
step  2750/3500 loss=5.404 | nn-confuser med=0.9589 mean=0.9111 | intra=0.372 inter=-0.012 gap=0.383 rx_gap=0.059
step  3000/3500 loss=5.582 | nn-confuser med=0.9478 mean=0.9083 | intra=0.366 inter=-0.012 gap=0.378 rx_gap=0.052
step  3250/3500 loss=5.205 | nn-confuser med=0.9612 mean=0.9061 | intra=0.394 inter=0.002 gap=0.392 rx_gap=0.042
step  3500/3500 loss=5.613 | nn-confuser med=0.9600 mean=0.8888 | intra=0.403 inter=0.001 gap=0.402 rx_gap=0.080

=== SMOKE BEST (step 1750, by median nn-confuser) — 2.5 min ===
  nearest-confuser cos: median 0.9870 -> 0.9383   mean 0.9098 -> 0.9158

  worst-10 baseline pairs — centroid cosine baseline -> smoke:
       18-12/18-16  0.9999 -> 0.9688  (-0.0311)
         20-3/20-4  0.9992 -> 0.8986  (-0.1006)
       18-10/20-16  0.9966 -> 0.9520  (-0.0446)
        16-20/18-5  0.9965 -> 0.9685  (-0.0280)
         18-1/18-7  0.9949 -> 0.9508  (-0.0441)
         18-4/5-16  0.9911 -> 0.8336  (-0.1574)
        16-19/5-16  0.9904 -> 0.8342  (-0.1562)
       18-17/20-16  0.9888 -> 0.9433  (-0.0455)
       18-14/18-15  0.9887 -> 0.9636  (-0.0250)
           5-1/5-5  0.9884 -> 0.9383  (-0.0501)

  positives/collapse watch (final): intra=0.403 (baseline 0.830, want >~0.85)  inter=0.001 (baseline -0.029, want not ballooning)  gap=0.402  rx_gap=0.080 (leakage watch)

=== VERDICT (smoke) ===
  - median nearest-confuser 0.9870 -> 0.9383 (-0.0487)
  - DROPPED — reweighting is working
  - WARNING positives degraded (intra 0.403 < 0.83)

saved -> /home/pw26_akp_01/CAPSTONE/DL_model/summer_work/runs/wisig_supcon_fft64/discover/hardneg_smoke_report.json
smoke best ckpt -> /home/pw26_akp_01/CAPSTONE/DL_model/summer_work/runs/wisig_supcon_fft64/discover/hardneg_smoke_best.pt  (best_model.pt UNTOUCHED)

CHECKPOINT — smoke only. No full retrain, no drones/drive.
