/home/pw26_akp_01/CAPSTONE/DL_model/summer_work/datasets/wisig_manytx.py:128: VisibleDeprecationWarning: dtype(): align should be passed as Python or NumPy boolean but got `align=0`. Did you mean to pass a tuple to create a subarray type? (Deprecated NumPy 2.4)
  D = pickle.load(f)
cache: 142113 signals, 41 held-out nodes  | device=cuda

=== STEP 1 — 10 WORST confuser pairs (highest centroid cosine) ===
rank           pair  centroid_cos
   1    18-12/18-16        0.9999
   2      20-3/20-4        0.9997
   3    18-10/20-16        0.9987
   4     16-20/18-5        0.9972
   5     18-1/18-17        0.9955
   6     16-19/5-16        0.9951
   7      18-1/18-7        0.9915
   8      18-4/5-16        0.9898
   9        5-1/5-5        0.9890
  10     20-14/20-3        0.9877

  easiest pair (for control): 18-2/4-11  cos=-0.4873

=== STEP 2 — probe A: linear separability of CACHED 128-D embeddings ===
         pair  centroid_cos  logreg_test_acc   n/class  (chance 0.50)
  18-12/18-16        0.9999            0.621      3416
    20-3/20-4        0.9997            0.782      3136
  18-10/20-16        0.9987            0.744      3585
   16-20/18-5        0.9972            0.678      3400
   18-1/18-17        0.9955            0.678      2969
   16-19/5-16        0.9951            0.767      3400
    18-1/18-7        0.9915            0.668      2969
    18-4/5-16        0.9898            0.759      3377
      5-1/5-5        0.9890            0.803      3600
   20-14/20-3        0.9877            0.776      3136

=== STEP 3 — probe B: fresh TinyCNN on RAW IQ [2,256] (eq=0) — 3 worst pairs ===
Loading /home/pw26_akp_01/CAPSTONE/phase3_dataset/ManyTx.pkl (eq=0) ...
  loaded 150 Tx, 511515 signals, sig dtype=float32
    18-12/18-16 cos=0.9999 | test_acc best=0.963 final=0.929  reach0.70@ep=3  n/class=3416  (4s)
      20-3/20-4 cos=0.9997 | test_acc best=0.965 final=0.954  reach0.70@ep=3  n/class=3136  (3s)
    18-10/20-16 cos=0.9987 | test_acc best=0.950 final=0.914  reach0.70@ep=7  n/class=3585  (4s)

=== STEP 4 — control: probe B on the EASIEST pair (signal clearly present) ===
      18-2/4-11 cos=-0.4873 | test_acc best=0.967 final=0.964  reach0.70@ep=0  n/class=2908  (4s)

=== VERDICT ===
  worst-pair raw-IQ CNN mean best test acc = 0.959
  easy control best test acc               = 0.967
  -> SIGNAL PRESENT in raw input (worst-pair CNN >> chance) -> hard-neg/margin RETRAIN WARRANTED

saved -> /home/pw26_akp_01/CAPSTONE/DL_model/summer_work/runs/wisig_supcon_fft64/discover/worstpair_probe_report.json

CHECKPOINT — probes only, no retrain, best_model.pt untouched.
