GPU: NVIDIA GeForce RTX 4090
Loading /home/pw26_akp_01/CAPSTONE/phase3_dataset/ManyTx.pkl (eq=0) ...
/home/pw26_akp_01/CAPSTONE/DL_model/summer_work/datasets/wisig_manytx.py:128: VisibleDeprecationWarning: dtype(): align should be passed as Python or NumPy boolean but got `align=0`. Did you mean to pass a tuple to create a subarray type? (Deprecated NumPy 2.4)
  D = pickle.load(f)
  loaded 150 Tx, 511515 signals, sig dtype=float32
random ruler slice (seed 123, n=18, rows [4, 5, 16, 18, 20])

=== BAR (vanilla 0.859) on random slice: ARI=0.440 purity=0.457 K_est=19/18 | intra=0.830 nn_med=0.9870 ===
confuser-aware co-occurrence=0.858 (frac=0.5) — semi-hard mining has material

=== CONFIG m0.1_l0.5 (margin=0.1, lambda=0.5) — 4000 steps ===
  [m0.1_l0.5] step     1 loss=5.590(sup5.54+0.5*mar0.100) | randARI=0.000 pur=0.083 K=2/18 | intra=0.990 nn=0.9999 rxg=0.001
  [m0.1_l0.5] step   250 loss=5.194(sup5.15+0.5*mar0.096) | randARI=0.000 pur=0.065 K=2/18 | intra=0.780 nn=0.9994 rxg=0.073
  [m0.1_l0.5] step   500 loss=4.779(sup4.73+0.5*mar0.092) | randARI=0.294 pur=0.291 K=10/18 | intra=0.767 nn=0.9977 rxg=0.038
  [m0.1_l0.5] step   750 loss=4.740(sup4.69+0.5*mar0.093) | randARI=0.358 pur=0.347 K=15/18 | intra=0.789 nn=0.9941 rxg=0.060
  [m0.1_l0.5] step  1000 loss=4.893(sup4.85+0.5*mar0.094) | randARI=0.323 pur=0.332 K=10/18 | intra=0.808 nn=0.9832 rxg=0.049
  [m0.1_l0.5] step  1250 loss=4.681(sup4.63+0.5*mar0.093) | randARI=0.416 pur=0.411 K=12/18 | intra=0.809 nn=0.9891 rxg=0.036
  [m0.1_l0.5] step  1500 loss=4.698(sup4.65+0.5*mar0.092) | randARI=0.395 pur=0.398 K=13/18 | intra=0.787 nn=0.9890 rxg=0.038
  [m0.1_l0.5] step  1750 loss=4.617(sup4.57+0.5*mar0.089) | randARI=0.401 pur=0.383 K=14/18 | intra=0.827 nn=0.9891 rxg=0.050
  [m0.1_l0.5] step  2000 loss=4.722(sup4.68+0.5*mar0.090) | randARI=0.388 pur=0.407 K=13/18 | intra=0.818 nn=0.9902 rxg=0.045
  [m0.1_l0.5] step  2250 loss=4.539(sup4.49+0.5*mar0.090) | randARI=0.396 pur=0.411 K=14/18 | intra=0.804 nn=0.9886 rxg=0.059
  [m0.1_l0.5] step  2500 loss=4.688(sup4.64+0.5*mar0.092) | randARI=0.390 pur=0.389 K=15/18 | intra=0.807 nn=0.9860 rxg=0.054
  [m0.1_l0.5] step  2750 loss=4.542(sup4.50+0.5*mar0.084) | randARI=0.404 pur=0.408 K=18/18 | intra=0.791 nn=0.9781 rxg=0.048
  [m0.1_l0.5] step  3000 loss=4.609(sup4.56+0.5*mar0.091) | randARI=0.311 pur=0.342 K=14/18 | intra=0.785 nn=0.9778 rxg=0.059
  [m0.1_l0.5] step  3250 loss=4.350(sup4.31+0.5*mar0.079) | randARI=0.319 pur=0.375 K=12/18 | intra=0.822 nn=0.9774 rxg=0.054
  [m0.1_l0.5] step  3500 loss=4.728(sup4.68+0.5*mar0.091) | randARI=0.435 pur=0.418 K=17/18 | intra=0.820 nn=0.9814 rxg=0.054
  [m0.1_l0.5] step  3750 loss=4.392(sup4.35+0.5*mar0.081) | randARI=0.359 pur=0.361 K=12/18 | intra=0.800 nn=0.9765 rxg=0.045
  [m0.1_l0.5] step  4000 loss=4.474(sup4.44+0.5*mar0.078) | randARI=0.401 pur=0.437 K=14/18 | intra=0.812 nn=0.9828 rxg=0.058
  [m0.1_l0.5] BEST randARI=0.435 @step3500 pur=0.418 K=17 intra=0.820 nn=0.9814 (3.2min)
=== CONFIG m0.1_l1.0 (margin=0.1, lambda=1.0) — 4000 steps ===
  [m0.1_l1.0] step     1 loss=5.640(sup5.54+1.0*mar0.100) | randARI=0.000 pur=0.083 K=2/18 | intra=0.990 nn=0.9999 rxg=0.001
  [m0.1_l1.0] step   250 loss=5.268(sup5.17+1.0*mar0.096) | randARI=0.000 pur=0.072 K=2/18 | intra=0.781 nn=0.9987 rxg=0.077
  [m0.1_l1.0] step   500 loss=4.772(sup4.68+1.0*mar0.093) | randARI=0.321 pur=0.318 K=12/18 | intra=0.801 nn=0.9956 rxg=0.029
  [m0.1_l1.0] step   750 loss=4.854(sup4.76+1.0*mar0.092) | randARI=0.407 pur=0.386 K=14/18 | intra=0.785 nn=0.9894 rxg=0.042
  [m0.1_l1.0] step  1000 loss=4.931(sup4.84+1.0*mar0.092) | randARI=0.379 pur=0.362 K=12/18 | intra=0.793 nn=0.9885 rxg=0.044
  [m0.1_l1.0] step  1250 loss=4.658(sup4.57+1.0*mar0.091) | randARI=0.437 pur=0.399 K=16/18 | intra=0.816 nn=0.9888 rxg=0.051
  [m0.1_l1.0] step  1500 loss=4.684(sup4.59+1.0*mar0.092) | randARI=0.323 pur=0.384 K=11/18 | intra=0.811 nn=0.9899 rxg=0.039
  [m0.1_l1.0] step  1750 loss=4.643(sup4.55+1.0*mar0.089) | randARI=0.398 pur=0.397 K=14/18 | intra=0.818 nn=0.9848 rxg=0.046
  [m0.1_l1.0] step  2000 loss=4.659(sup4.57+1.0*mar0.087) | randARI=0.391 pur=0.401 K=13/18 | intra=0.812 nn=0.9886 rxg=0.039
  [m0.1_l1.0] step  2250 loss=4.629(sup4.54+1.0*mar0.089) | randARI=0.403 pur=0.417 K=13/18 | intra=0.798 nn=0.9838 rxg=0.037
  [m0.1_l1.0] step  2500 loss=4.687(sup4.60+1.0*mar0.088) | randARI=0.410 pur=0.416 K=13/18 | intra=0.815 nn=0.9787 rxg=0.048
  [m0.1_l1.0] step  2750 loss=4.559(sup4.48+1.0*mar0.081) | randARI=0.406 pur=0.420 K=14/18 | intra=0.811 nn=0.9736 rxg=0.043
  [m0.1_l1.0] step  3000 loss=4.609(sup4.52+1.0*mar0.088) | randARI=0.405 pur=0.417 K=14/18 | intra=0.803 nn=0.9801 rxg=0.049
  [m0.1_l1.0] step  3250 loss=4.463(sup4.39+1.0*mar0.077) | randARI=0.399 pur=0.396 K=15/18 | intra=0.792 nn=0.9754 rxg=0.064
  [m0.1_l1.0] step  3500 loss=4.757(sup4.67+1.0*mar0.091) | randARI=0.327 pur=0.388 K=11/18 | intra=0.805 nn=0.9792 rxg=0.060
  [m0.1_l1.0] step  3750 loss=4.384(sup4.30+1.0*mar0.080) | randARI=0.323 pur=0.381 K=13/18 | intra=0.805 nn=0.9778 rxg=0.058
  [m0.1_l1.0] step  4000 loss=4.488(sup4.41+1.0*mar0.080) | randARI=0.413 pur=0.427 K=13/18 | intra=0.805 nn=0.9710 rxg=0.053
  [m0.1_l1.0] BEST randARI=0.437 @step1250 pur=0.399 K=16 intra=0.816 nn=0.9888 (2.8min)
=== CONFIG m0.2_l0.5 (margin=0.2, lambda=0.5) — 4000 steps ===
  [m0.2_l0.5] step     1 loss=5.640(sup5.54+0.5*mar0.200) | randARI=0.000 pur=0.083 K=2/18 | intra=0.990 nn=0.9999 rxg=0.001
  [m0.2_l0.5] step   250 loss=5.225(sup5.13+0.5*mar0.196) | randARI=0.095 pur=0.134 K=3/18 | intra=0.725 nn=0.9988 rxg=0.077
  [m0.2_l0.5] step   500 loss=4.745(sup4.65+0.5*mar0.191) | randARI=0.391 pur=0.327 K=12/18 | intra=0.793 nn=0.9945 rxg=0.036
  [m0.2_l0.5] step   750 loss=4.860(sup4.76+0.5*mar0.192) | randARI=0.365 pur=0.336 K=13/18 | intra=0.771 nn=0.9906 rxg=0.044
  [m0.2_l0.5] step  1000 loss=4.839(sup4.74+0.5*mar0.192) | randARI=0.395 pur=0.382 K=14/18 | intra=0.792 nn=0.9881 rxg=0.051
  [m0.2_l0.5] step  1250 loss=4.920(sup4.82+0.5*mar0.192) | randARI=0.365 pur=0.354 K=12/18 | intra=0.796 nn=0.9854 rxg=0.057
  [m0.2_l0.5] step  1500 loss=4.719(sup4.62+0.5*mar0.190) | randARI=0.395 pur=0.398 K=15/18 | intra=0.802 nn=0.9867 rxg=0.037
  [m0.2_l0.5] step  1750 loss=4.718(sup4.62+0.5*mar0.188) | randARI=0.402 pur=0.402 K=15/18 | intra=0.824 nn=0.9841 rxg=0.050
  [m0.2_l0.5] step  2000 loss=4.726(sup4.63+0.5*mar0.192) | randARI=0.304 pur=0.346 K=10/18 | intra=0.819 nn=0.9856 rxg=0.055
  [m0.2_l0.5] step  2250 loss=4.606(sup4.51+0.5*mar0.189) | randARI=0.391 pur=0.397 K=15/18 | intra=0.793 nn=0.9892 rxg=0.047
  [m0.2_l0.5] step  2500 loss=4.684(sup4.59+0.5*mar0.189) | randARI=0.411 pur=0.419 K=16/18 | intra=0.823 nn=0.9848 rxg=0.040
  [m0.2_l0.5] step  2750 loss=4.570(sup4.48+0.5*mar0.180) | randARI=0.407 pur=0.419 K=15/18 | intra=0.800 nn=0.9726 rxg=0.046
  [m0.2_l0.5] step  3000 loss=4.631(sup4.54+0.5*mar0.188) | randARI=0.396 pur=0.422 K=13/18 | intra=0.802 nn=0.9840 rxg=0.049
  [m0.2_l0.5] step  3250 loss=4.442(sup4.35+0.5*mar0.174) | randARI=0.329 pur=0.399 K=14/18 | intra=0.805 nn=0.9854 rxg=0.054
  [m0.2_l0.5] step  3500 loss=4.775(sup4.68+0.5*mar0.189) | randARI=0.311 pur=0.361 K=10/18 | intra=0.807 nn=0.9811 rxg=0.047
  [m0.2_l0.5] step  3750 loss=4.382(sup4.30+0.5*mar0.173) | randARI=0.330 pur=0.387 K=14/18 | intra=0.813 nn=0.9762 rxg=0.054
  [m0.2_l0.5] step  4000 loss=4.516(sup4.43+0.5*mar0.176) | randARI=0.422 pur=0.425 K=14/18 | intra=0.829 nn=0.9822 rxg=0.036
  [m0.2_l0.5] BEST randARI=0.422 @step4000 pur=0.425 K=14 intra=0.829 nn=0.9822 (2.7min)
=== CONFIG m0.2_l1.0 (margin=0.2, lambda=1.0) — 4000 steps ===
  [m0.2_l1.0] step     1 loss=5.740(sup5.54+1.0*mar0.200) | randARI=0.000 pur=0.083 K=2/18 | intra=0.990 nn=0.9999 rxg=0.001
  [m0.2_l1.0] step   250 loss=5.329(sup5.13+1.0*mar0.195) | randARI=0.000 pur=0.066 K=3/18 | intra=0.714 nn=0.9988 rxg=0.079
  [m0.2_l1.0] step   500 loss=4.855(sup4.66+1.0*mar0.194) | randARI=0.319 pur=0.324 K=14/18 | intra=0.799 nn=0.9968 rxg=0.039
  [m0.2_l1.0] step   750 loss=4.912(sup4.72+1.0*mar0.192) | randARI=0.391 pur=0.345 K=12/18 | intra=0.804 nn=0.9930 rxg=0.041
  [m0.2_l1.0] step  1000 loss=4.988(sup4.80+1.0*mar0.192) | randARI=0.379 pur=0.384 K=16/18 | intra=0.809 nn=0.9874 rxg=0.029
  [m0.2_l1.0] step  1250 loss=4.857(sup4.67+1.0*mar0.192) | randARI=0.396 pur=0.383 K=12/18 | intra=0.802 nn=0.9797 rxg=0.056
  [m0.2_l1.0] step  1500 loss=4.863(sup4.67+1.0*mar0.192) | randARI=0.389 pur=0.405 K=13/18 | intra=0.802 nn=0.9893 rxg=0.043
  [m0.2_l1.0] step  1750 loss=4.761(sup4.58+1.0*mar0.182) | randARI=0.361 pur=0.358 K=10/18 | intra=0.824 nn=0.9837 rxg=0.047
  [m0.2_l1.0] step  2000 loss=4.762(sup4.57+1.0*mar0.187) | randARI=0.408 pur=0.426 K=13/18 | intra=0.808 nn=0.9861 rxg=0.046
  [m0.2_l1.0] step  2250 loss=4.690(sup4.50+1.0*mar0.187) | randARI=0.403 pur=0.410 K=14/18 | intra=0.795 nn=0.9828 rxg=0.050
  [m0.2_l1.0] step  2500 loss=4.861(sup4.67+1.0*mar0.190) | randARI=0.414 pur=0.423 K=13/18 | intra=0.813 nn=0.9781 rxg=0.053
  [m0.2_l1.0] step  2750 loss=4.651(sup4.47+1.0*mar0.177) | randARI=0.405 pur=0.431 K=14/18 | intra=0.803 nn=0.9672 rxg=0.049
  [m0.2_l1.0] step  3000 loss=4.648(sup4.46+1.0*mar0.186) | randARI=0.409 pur=0.424 K=12/18 | intra=0.804 nn=0.9832 rxg=0.053
  [m0.2_l1.0] step  3250 loss=4.484(sup4.31+1.0*mar0.173) | randARI=0.413 pur=0.437 K=14/18 | intra=0.804 nn=0.9777 rxg=0.052
  [m0.2_l1.0] step  3500 loss=4.846(sup4.66+1.0*mar0.190) | randARI=0.399 pur=0.426 K=13/18 | intra=0.812 nn=0.9832 rxg=0.054
  [m0.2_l1.0] step  3750 loss=4.489(sup4.31+1.0*mar0.177) | randARI=0.398 pur=0.425 K=12/18 | intra=0.803 nn=0.9808 rxg=0.063
  [m0.2_l1.0] step  4000 loss=4.658(sup4.48+1.0*mar0.178) | randARI=0.409 pur=0.424 K=13/18 | intra=0.815 nn=0.9717 rxg=0.043
  [m0.2_l1.0] BEST randARI=0.414 @step2500 pur=0.423 K=13 intra=0.813 nn=0.9781 (3.4min)
=== CONFIG m0.3_l0.5 (margin=0.3, lambda=0.5) — 4000 steps ===
  [m0.3_l0.5] step     1 loss=5.690(sup5.54+0.5*mar0.300) | randARI=0.000 pur=0.083 K=2/18 | intra=0.990 nn=0.9999 rxg=0.001
  [m0.3_l0.5] step   250 loss=5.457(sup5.31+0.5*mar0.298) | randARI=0.000 pur=0.065 K=3/18 | intra=0.884 nn=0.9999 rxg=0.024
  [m0.3_l0.5] step   500 loss=4.815(sup4.67+0.5*mar0.290) | randARI=0.387 pur=0.324 K=13/18 | intra=0.757 nn=0.9929 rxg=0.046
  [m0.3_l0.5] step   750 loss=4.866(sup4.72+0.5*mar0.292) | randARI=0.366 pur=0.343 K=13/18 | intra=0.800 nn=0.9914 rxg=0.055
  [m0.3_l0.5] step  1000 loss=5.018(sup4.87+0.5*mar0.292) | randARI=0.397 pur=0.395 K=14/18 | intra=0.796 nn=0.9863 rxg=0.048
  [m0.3_l0.5] step  1250 loss=4.700(sup4.55+0.5*mar0.293) | randARI=0.406 pur=0.394 K=14/18 | intra=0.811 nn=0.9859 rxg=0.045
  [m0.3_l0.5] step  1500 loss=4.844(sup4.70+0.5*mar0.292) | randARI=0.389 pur=0.415 K=15/18 | intra=0.798 nn=0.9873 rxg=0.049
  [m0.3_l0.5] step  1750 loss=4.724(sup4.58+0.5*mar0.286) | randARI=0.403 pur=0.397 K=18/18 | intra=0.833 nn=0.9891 rxg=0.043
  [m0.3_l0.5] step  2000 loss=4.828(sup4.69+0.5*mar0.286) | randARI=0.387 pur=0.376 K=13/18 | intra=0.812 nn=0.9852 rxg=0.041
  [m0.3_l0.5] step  2250 loss=4.729(sup4.58+0.5*mar0.289) | randARI=0.330 pur=0.377 K=14/18 | intra=0.796 nn=0.9826 rxg=0.049
  [m0.3_l0.5] step  2500 loss=4.760(sup4.62+0.5*mar0.288) | randARI=0.326 pur=0.383 K=13/18 | intra=0.797 nn=0.9895 rxg=0.051
  [m0.3_l0.5] step  2750 loss=4.626(sup4.49+0.5*mar0.282) | randARI=0.318 pur=0.351 K=13/18 | intra=0.799 nn=0.9707 rxg=0.051
  [m0.3_l0.5] step  3000 loss=4.788(sup4.64+0.5*mar0.291) | randARI=0.416 pur=0.403 K=15/18 | intra=0.812 nn=0.9877 rxg=0.042
  [m0.3_l0.5] step  3250 loss=4.499(sup4.37+0.5*mar0.267) | randARI=0.400 pur=0.416 K=15/18 | intra=0.814 nn=0.9826 rxg=0.052
  [m0.3_l0.5] step  3500 loss=4.918(sup4.77+0.5*mar0.291) | randARI=0.379 pur=0.408 K=13/18 | intra=0.786 nn=0.9777 rxg=0.071
  [m0.3_l0.5] step  3750 loss=4.468(sup4.33+0.5*mar0.276) | randARI=0.392 pur=0.409 K=13/18 | intra=0.789 nn=0.9798 rxg=0.064
  [m0.3_l0.5] step  4000 loss=4.555(sup4.42+0.5*mar0.273) | randARI=0.403 pur=0.428 K=13/18 | intra=0.803 nn=0.9697 rxg=0.052
  [m0.3_l0.5] BEST randARI=0.416 @step3000 pur=0.403 K=15 intra=0.812 nn=0.9877 (3.3min)
=== CONFIG m0.3_l1.0 (margin=0.3, lambda=1.0) — 4000 steps ===
  [m0.3_l1.0] step     1 loss=5.840(sup5.54+1.0*mar0.300) | randARI=0.000 pur=0.083 K=2/18 | intra=0.990 nn=0.9999 rxg=0.001
  [m0.3_l1.0] step   250 loss=5.492(sup5.20+1.0*mar0.296) | randARI=0.111 pur=0.139 K=5/18 | intra=0.813 nn=0.9996 rxg=0.061
  [m0.3_l1.0] step   500 loss=4.998(sup4.71+1.0*mar0.292) | randARI=0.333 pur=0.323 K=11/18 | intra=0.779 nn=0.9956 rxg=0.043
  [m0.3_l1.0] step   750 loss=5.082(sup4.79+1.0*mar0.293) | randARI=0.378 pur=0.370 K=15/18 | intra=0.826 nn=0.9946 rxg=0.028
  [m0.3_l1.0] step  1000 loss=4.996(sup4.71+1.0*mar0.289) | randARI=0.397 pur=0.388 K=15/18 | intra=0.794 nn=0.9879 rxg=0.056
  [m0.3_l1.0] step  1250 loss=4.990(sup4.70+1.0*mar0.292) | randARI=0.404 pur=0.408 K=14/18 | intra=0.814 nn=0.9855 rxg=0.051
  [m0.3_l1.0] step  1500 loss=4.925(sup4.63+1.0*mar0.291) | randARI=0.403 pur=0.399 K=14/18 | intra=0.805 nn=0.9864 rxg=0.036
  [m0.3_l1.0] step  1750 loss=4.904(sup4.62+1.0*mar0.288) | randARI=0.406 pur=0.396 K=15/18 | intra=0.818 nn=0.9888 rxg=0.052
  [m0.3_l1.0] step  2000 loss=4.931(sup4.64+1.0*mar0.287) | randARI=0.377 pur=0.367 K=13/18 | intra=0.787 nn=0.9832 rxg=0.049
  [m0.3_l1.0] step  2250 loss=4.847(sup4.56+1.0*mar0.289) | randARI=0.412 pur=0.416 K=14/18 | intra=0.792 nn=0.9820 rxg=0.047
  [m0.3_l1.0] step  2500 loss=4.856(sup4.57+1.0*mar0.285) | randARI=0.388 pur=0.417 K=12/18 | intra=0.797 nn=0.9820 rxg=0.053
  [m0.3_l1.0] step  2750 loss=4.766(sup4.49+1.0*mar0.277) | randARI=0.314 pur=0.366 K=13/18 | intra=0.796 nn=0.9641 rxg=0.060
  [m0.3_l1.0] step  3000 loss=4.794(sup4.51+1.0*mar0.286) | randARI=0.388 pur=0.415 K=13/18 | intra=0.799 nn=0.9841 rxg=0.046
  [m0.3_l1.0] step  3250 loss=4.564(sup4.30+1.0*mar0.267) | randARI=0.407 pur=0.427 K=12/18 | intra=0.817 nn=0.9744 rxg=0.051
  [m0.3_l1.0] step  3500 loss=4.963(sup4.67+1.0*mar0.291) | randARI=0.399 pur=0.425 K=12/18 | intra=0.795 nn=0.9745 rxg=0.059
  [m0.3_l1.0] step  3750 loss=4.580(sup4.31+1.0*mar0.273) | randARI=0.380 pur=0.395 K=12/18 | intra=0.809 nn=0.9743 rxg=0.056
  [m0.3_l1.0] step  4000 loss=4.686(sup4.42+1.0*mar0.269) | randARI=0.415 pur=0.424 K=13/18 | intra=0.804 nn=0.9822 rxg=0.053
  [m0.3_l1.0] BEST randARI=0.415 @step4000 pur=0.424 K=13 intra=0.804 nn=0.9822 (3.2min)

========================================================================
SWEEP — random-slice ARI (BAR vanilla 0.440)
========================================================================
      config     ARI    dARI  purity  K_est   intra  nn_med  rx_gap intra>=.83
   m0.1 l0.5   0.435  -0.005   0.418     17   0.820  0.9814   0.054         no
   m0.1 l1.0   0.437  -0.003   0.399     16   0.816  0.9888   0.051         no
   m0.2 l0.5   0.422  -0.018   0.425     14   0.829  0.9822   0.036         no
   m0.2 l1.0   0.414  -0.027   0.423     13   0.813  0.9781   0.053         no
   m0.3 l0.5   0.416  -0.024   0.403     15   0.812  0.9877   0.042         no
   m0.3 l1.0   0.415  -0.025   0.424     13   0.804  0.9822   0.053         no

=== DECISION ===
  bar (vanilla random-slice ARI) = 0.440
  NO GAIN: best ARI 0.437 vs bar 0.440 across the whole sweep (or intra<0.83) -> additive margin also doesn't move discovery. STOP & rethink (window length / is ~0.44 near the data ceiling) — do NOT draft a third loss.

saved -> /home/pw26_akp_01/CAPSTONE/DL_model/summer_work/runs/wisig_supcon_fft64/discover/triplet_smoke_report.json
CHECKPOINT — smoke sweep only. best_model.pt UNTOUCHED. No full run, no drones.
