GPU: NVIDIA GeForce RTX 4090
Loading /home/pw26_akp_01/CAPSTONE/phase3_dataset/ManyTx.pkl (eq=0) ...
/home/pw26_akp_01/CAPSTONE/DL_model/summer_work/datasets/wisig_manytx.py:128: VisibleDeprecationWarning: dtype(): align should be passed as Python or NumPy boolean but got `align=0`. Did you mean to pass a tuple to create a subarray type? (Deprecated NumPy 2.4)
  D = pickle.load(f)
  loaded 150 Tx, 511515 signals, sig dtype=float32
Split: board-disjoint  train=109  discover=41

Time-branch collapse check (256-sample input):
  time-branch: input 256 -> stem 64 -> pre-GAP length 64 (OK (no collapse))

============================================================
FULL RUN — board-disjoint WiSig ManyTx, CFO OFF
============================================================
train signals (109 Tx) = 369402
TOTAL_STEPS=13000 warmup=1300 | tau 0.5<1950 -> 0.1@7800 -> 0.07 tail | LR=0.0005 batch=32x8
signal-draws/run = 3328000 (~9.0x over train sigs)
step     1/13000 loss=5.5406 intra=0.990 inter=0.989 gap=0.001 rx_gap=0.001 lr=3.85e-07 tau=0.500
step   250/13000 loss=5.3099 intra=0.767 inter=0.434 gap=0.334 rx_gap=0.048 lr=9.62e-05 tau=0.500
step   500/13000 loss=5.1752 intra=0.813 inter=0.395 gap=0.418 rx_gap=0.051 lr=1.92e-04 tau=0.500
step   750/13000 loss=4.6622 intra=0.766 inter=0.052 gap=0.714 rx_gap=0.057 lr=2.88e-04 tau=0.500
step  1000/13000 loss=4.5745 intra=0.768 inter=-0.030 gap=0.798 rx_gap=0.069 lr=3.85e-04 tau=0.500
step  1250/13000 loss=4.4917 intra=0.817 inter=0.009 gap=0.808 rx_gap=0.041 lr=4.81e-04 tau=0.500
step  1500/13000 loss=4.4926 intra=0.803 inter=-0.030 gap=0.833 rx_gap=0.043 lr=5.00e-04 tau=0.500
step  1750/13000 loss=4.4696 intra=0.794 inter=-0.022 gap=0.816 rx_gap=0.058 lr=4.98e-04 tau=0.500
step  2000/13000 loss=4.4349 intra=0.784 inter=-0.024 gap=0.808 rx_gap=0.057 lr=4.96e-04 tau=0.497
step  2250/13000 loss=4.3777 intra=0.803 inter=-0.016 gap=0.819 rx_gap=0.053 lr=4.92e-04 tau=0.480
step  2500/13000 loss=4.3889 intra=0.802 inter=-0.015 gap=0.817 rx_gap=0.056 lr=4.87e-04 tau=0.462
step  2750/13000 loss=4.2697 intra=0.804 inter=-0.026 gap=0.830 rx_gap=0.050 lr=4.81e-04 tau=0.445
step  3000/13000 loss=4.3129 intra=0.791 inter=-0.029 gap=0.820 rx_gap=0.062 lr=4.74e-04 tau=0.428
step  3250/13000 loss=4.2760 intra=0.808 inter=-0.026 gap=0.834 rx_gap=0.042 lr=4.67e-04 tau=0.411
step  3500/13000 loss=4.1820 intra=0.794 inter=-0.010 gap=0.804 rx_gap=0.055 lr=4.58e-04 tau=0.394
step  3750/13000 loss=4.1245 intra=0.804 inter=-0.001 gap=0.805 rx_gap=0.055 lr=4.48e-04 tau=0.377
step  4000/13000 loss=4.0790 intra=0.800 inter=-0.024 gap=0.823 rx_gap=0.060 lr=4.37e-04 tau=0.360
step  4250/13000 loss=3.9980 intra=0.813 inter=-0.018 gap=0.831 rx_gap=0.053 lr=4.26e-04 tau=0.343
step  4500/13000 loss=3.9784 intra=0.808 inter=-0.004 gap=0.811 rx_gap=0.056 lr=4.13e-04 tau=0.326
step  4750/13000 loss=3.8642 intra=0.792 inter=-0.008 gap=0.800 rx_gap=0.056 lr=4.00e-04 tau=0.309
step  5000/13000 loss=3.9590 intra=0.800 inter=0.017 gap=0.782 rx_gap=0.057 lr=3.86e-04 tau=0.292
step  5250/13000 loss=3.8958 intra=0.789 inter=-0.001 gap=0.790 rx_gap=0.068 lr=3.72e-04 tau=0.274
step  5500/13000 loss=4.0002 intra=0.787 inter=0.003 gap=0.784 rx_gap=0.062 lr=3.57e-04 tau=0.257
step  5750/13000 loss=3.7578 intra=0.800 inter=0.021 gap=0.779 rx_gap=0.055 lr=3.42e-04 tau=0.240
step  6000/13000 loss=3.6292 intra=0.779 inter=0.033 gap=0.745 rx_gap=0.063 lr=3.26e-04 tau=0.223
step  6250/13000 loss=3.5880 intra=0.811 inter=0.061 gap=0.751 rx_gap=0.038 lr=3.10e-04 tau=0.206
step  6500/13000 loss=3.6373 intra=0.796 inter=0.097 gap=0.699 rx_gap=0.058 lr=2.93e-04 tau=0.189
step  6750/13000 loss=3.6872 intra=0.816 inter=0.147 gap=0.669 rx_gap=0.041 lr=2.77e-04 tau=0.172
step  7000/13000 loss=3.4242 intra=0.835 inter=0.183 gap=0.653 rx_gap=0.039 lr=2.60e-04 tau=0.155
step  7250/13000 loss=3.5814 intra=0.841 inter=0.252 gap=0.589 rx_gap=0.029 lr=2.43e-04 tau=0.138
step  7500/13000 loss=3.4304 intra=0.871 inter=0.328 gap=0.543 rx_gap=0.026 lr=2.27e-04 tau=0.121
step  7750/13000 loss=3.6009 intra=0.881 inter=0.401 gap=0.480 rx_gap=0.026 lr=2.10e-04 tau=0.103
step  8000/13000 loss=3.4708 intra=0.919 inter=0.595 gap=0.324 rx_gap=0.023 lr=1.94e-04 tau=0.070
step  8250/13000 loss=3.4373 intra=0.920 inter=0.564 gap=0.356 rx_gap=0.017 lr=1.77e-04 tau=0.070
step  8500/13000 loss=3.4961 intra=0.916 inter=0.577 gap=0.339 rx_gap=0.018 lr=1.61e-04 tau=0.070
step  8750/13000 loss=3.4832 intra=0.915 inter=0.568 gap=0.348 rx_gap=0.019 lr=1.46e-04 tau=0.070
step  9000/13000 loss=3.3904 intra=0.922 inter=0.555 gap=0.367 rx_gap=0.014 lr=1.31e-04 tau=0.070
step  9250/13000 loss=3.4448 intra=0.919 inter=0.572 gap=0.347 rx_gap=0.019 lr=1.16e-04 tau=0.070
step  9500/13000 loss=3.3203 intra=0.910 inter=0.555 gap=0.355 rx_gap=0.020 lr=1.03e-04 tau=0.070
step  9750/13000 loss=3.4544 intra=0.917 inter=0.562 gap=0.354 rx_gap=0.017 lr=8.94e-05 tau=0.070
step 10000/13000 loss=3.3685 intra=0.917 inter=0.560 gap=0.358 rx_gap=0.020 lr=7.69e-05 tau=0.070
step 10250/13000 loss=3.2603 intra=0.917 inter=0.553 gap=0.364 rx_gap=0.016 lr=6.52e-05 tau=0.070
step 10500/13000 loss=3.5965 intra=0.915 inter=0.551 gap=0.364 rx_gap=0.017 lr=5.43e-05 tau=0.070
step 10750/13000 loss=3.3212 intra=0.916 inter=0.555 gap=0.361 rx_gap=0.017 lr=4.43e-05 tau=0.070
step 11000/13000 loss=3.1637 intra=0.914 inter=0.556 gap=0.358 rx_gap=0.020 lr=3.52e-05 tau=0.070
step 11250/13000 loss=3.1274 intra=0.912 inter=0.556 gap=0.356 rx_gap=0.020 lr=2.71e-05 tau=0.070
step 11500/13000 loss=3.2202 intra=0.913 inter=0.560 gap=0.353 rx_gap=0.021 lr=2.00e-05 tau=0.070
step 11750/13000 loss=3.3899 intra=0.914 inter=0.553 gap=0.362 rx_gap=0.019 lr=1.40e-05 tau=0.070
step 12000/13000 loss=3.1400 intra=0.914 inter=0.555 gap=0.358 rx_gap=0.020 lr=8.98e-06 tau=0.070
step 12250/13000 loss=3.3606 intra=0.915 inter=0.550 gap=0.366 rx_gap=0.018 lr=5.07e-06 tau=0.070
step 12500/13000 loss=3.3911 intra=0.914 inter=0.553 gap=0.362 rx_gap=0.019 lr=2.26e-06 tau=0.070
step 12750/13000 loss=3.2028 intra=0.914 inter=0.552 gap=0.362 rx_gap=0.019 lr=5.68e-07 tau=0.070
step 13000/13000 loss=3.2972 intra=0.914 inter=0.552 gap=0.362 rx_gap=0.019 lr=9.01e-12 tau=0.070

DONE. best gap=0.8339 @ step 3250 -> best_model.pt | last_model.pt
