/home/pw26_akp_01/CAPSTONE/DL_model/summer_work/datasets/wisig_manytx.py:128: VisibleDeprecationWarning: dtype(): align should be passed as Python or NumPy boolean but got `align=0`. Did you mean to pass a tuple to create a subarray type? (Deprecated NumPy 2.4)
  D = pickle.load(f)
GPU: NVIDIA GeForce RTX 4090
Loading /home/pw26_akp_01/CAPSTONE/phase3_dataset/ManyTx.pkl (eq=0) ...
  loaded 150 Tx, 511515 signals, sig dtype=float32
Split: board-disjoint  train=109  discover=41

================================================================
CLEAN RETRAIN — tau=const0.5, 8000 steps, best-by-GAP checkpoint
================================================================
[const0.5] step     1/8000 loss=5.541 intra=0.990 inter=0.989 gap=0.001 rx_gap=0.001 tau=0.500
[const0.5] step   250/8000 loss=5.241 intra=0.690 inter=0.365 gap=0.325 rx_gap=0.103 tau=0.500
[const0.5] step   500/8000 loss=5.102 intra=0.758 inter=0.170 gap=0.587 rx_gap=0.081 tau=0.500
[const0.5] step   750/8000 loss=4.567 intra=0.789 inter=0.033 gap=0.756 rx_gap=0.048 tau=0.500
[const0.5] step  1000/8000 loss=4.477 intra=0.790 inter=-0.011 gap=0.801 rx_gap=0.050 tau=0.500
[const0.5] step  1250/8000 loss=4.448 intra=0.807 inter=-0.022 gap=0.830 rx_gap=0.051 tau=0.500
[const0.5] step  1500/8000 loss=4.449 intra=0.823 inter=-0.023 gap=0.846 rx_gap=0.050 tau=0.500
[const0.5] step  1750/8000 loss=4.473 intra=0.796 inter=-0.025 gap=0.822 rx_gap=0.051 tau=0.500
[const0.5] step  2000/8000 loss=4.376 intra=0.793 inter=-0.031 gap=0.825 rx_gap=0.052 tau=0.500
[const0.5] step  2250/8000 loss=4.428 intra=0.790 inter=-0.010 gap=0.800 rx_gap=0.050 tau=0.500
[const0.5] step  2500/8000 loss=4.403 intra=0.809 inter=-0.029 gap=0.839 rx_gap=0.057 tau=0.500
[const0.5] step  2750/8000 loss=4.317 intra=0.794 inter=-0.024 gap=0.818 rx_gap=0.059 tau=0.500
[const0.5] step  3000/8000 loss=4.424 intra=0.806 inter=-0.023 gap=0.829 rx_gap=0.054 tau=0.500
[const0.5] step  3250/8000 loss=4.413 intra=0.803 inter=-0.035 gap=0.837 rx_gap=0.040 tau=0.500
[const0.5] step  3500/8000 loss=4.358 intra=0.808 inter=-0.017 gap=0.826 rx_gap=0.055 tau=0.500
[const0.5] step  3750/8000 loss=4.365 intra=0.799 inter=-0.005 gap=0.804 rx_gap=0.054 tau=0.500
[const0.5] step  4000/8000 loss=4.356 intra=0.808 inter=-0.035 gap=0.842 rx_gap=0.061 tau=0.500
[const0.5] step  4250/8000 loss=4.298 intra=0.807 inter=-0.035 gap=0.842 rx_gap=0.043 tau=0.500
[const0.5] step  4500/8000 loss=4.293 intra=0.814 inter=-0.025 gap=0.839 rx_gap=0.056 tau=0.500
[const0.5] step  4750/8000 loss=4.276 intra=0.806 inter=-0.033 gap=0.839 rx_gap=0.038 tau=0.500
[const0.5] step  5000/8000 loss=4.370 intra=0.805 inter=-0.028 gap=0.833 rx_gap=0.054 tau=0.500
[const0.5] step  5250/8000 loss=4.326 intra=0.807 inter=-0.032 gap=0.839 rx_gap=0.053 tau=0.500
[const0.5] step  5500/8000 loss=4.384 intra=0.825 inter=-0.027 gap=0.852 rx_gap=0.046 tau=0.500
[const0.5] step  5750/8000 loss=4.305 intra=0.807 inter=-0.031 gap=0.838 rx_gap=0.043 tau=0.500
[const0.5] step  6000/8000 loss=4.227 intra=0.819 inter=-0.028 gap=0.847 rx_gap=0.047 tau=0.500
[const0.5] step  6250/8000 loss=4.245 intra=0.826 inter=-0.023 gap=0.849 rx_gap=0.046 tau=0.500
[const0.5] step  6500/8000 loss=4.303 intra=0.822 inter=-0.029 gap=0.851 rx_gap=0.057 tau=0.500
[const0.5] step  6750/8000 loss=4.315 intra=0.829 inter=-0.024 gap=0.853 rx_gap=0.046 tau=0.500
[const0.5] step  7000/8000 loss=4.227 intra=0.831 inter=-0.027 gap=0.858 rx_gap=0.045 tau=0.500
[const0.5] step  7250/8000 loss=4.285 intra=0.830 inter=-0.029 gap=0.859 rx_gap=0.045 tau=0.500
[const0.5] step  7500/8000 loss=4.269 intra=0.829 inter=-0.028 gap=0.857 rx_gap=0.046 tau=0.500
[const0.5] step  7750/8000 loss=4.345 intra=0.830 inter=-0.027 gap=0.858 rx_gap=0.046 tau=0.500
[const0.5] step  8000/8000 loss=4.313 intra=0.831 inter=-0.028 gap=0.858 rx_gap=0.046 tau=0.500
[const0.5] DONE  peak=0.8591@7250  final=0.8584  drop=0.0008  STABLE

RETRAIN DONE. best-by-gap encoder -> /home/pw26_akp_01/CAPSTONE/DL_model/summer_work/runs/wisig_supcon_fft64/retrain_best/best_model.pt
  peak gap 0.8591 @ step 7250 | final 0.8584 | STABLE
  rx_gap range [0.001, 0.103] | summary -> /home/pw26_akp_01/CAPSTONE/DL_model/summer_work/runs/wisig_supcon_fft64/retrain_best/retrain_summary.json
