/home/pw26_akp_01/CAPSTONE/DL_model/summer_work/datasets/wisig_manytx.py:128: VisibleDeprecationWarning: dtype(): align should be passed as Python or NumPy boolean but got `align=0`. Did you mean to pass a tuple to create a subarray type? (Deprecated NumPy 2.4)
  D = pickle.load(f)
GPU: NVIDIA GeForce RTX 4090
Loading /home/pw26_akp_01/CAPSTONE/phase3_dataset/ManyTx.pkl (eq=0) ...
  loaded 150 Tx, 511515 signals, sig dtype=float32
Split: board-disjoint  train=109  discover=41

================================================================
SWEEP CONFIG: const0.3  (5000 steps)
================================================================
[const0.3] step     1/5000 loss=5.540 intra=0.990 inter=0.989 gap=0.001 rx_gap=0.001 tau=0.300
[const0.3] step   250/5000 loss=5.276 intra=0.854 inter=0.533 gap=0.321 rx_gap=0.030 tau=0.300
[const0.3] step   500/5000 loss=4.618 intra=0.802 inter=0.092 gap=0.710 rx_gap=0.048 tau=0.300
[const0.3] step   750/5000 loss=4.138 intra=0.786 inter=0.015 gap=0.771 rx_gap=0.051 tau=0.300
[const0.3] step  1000/5000 loss=4.164 intra=0.785 inter=0.024 gap=0.761 rx_gap=0.044 tau=0.300
[const0.3] step  1250/5000 loss=4.078 intra=0.793 inter=0.006 gap=0.788 rx_gap=0.060 tau=0.300
[const0.3] step  1500/5000 loss=4.152 intra=0.810 inter=0.016 gap=0.793 rx_gap=0.053 tau=0.300
[const0.3] step  1750/5000 loss=4.083 intra=0.792 inter=0.019 gap=0.773 rx_gap=0.055 tau=0.300
[const0.3] step  2000/5000 loss=4.021 intra=0.804 inter=-0.005 gap=0.809 rx_gap=0.049 tau=0.300
[const0.3] step  2250/5000 loss=3.993 intra=0.787 inter=0.003 gap=0.784 rx_gap=0.058 tau=0.300
[const0.3] step  2500/5000 loss=3.926 intra=0.792 inter=-0.001 gap=0.794 rx_gap=0.066 tau=0.300
[const0.3] step  2750/5000 loss=3.882 intra=0.780 inter=-0.010 gap=0.790 rx_gap=0.065 tau=0.300
[const0.3] step  3000/5000 loss=4.020 intra=0.800 inter=-0.006 gap=0.806 rx_gap=0.061 tau=0.300
[const0.3] step  3250/5000 loss=4.012 intra=0.783 inter=-0.032 gap=0.815 rx_gap=0.050 tau=0.300
[const0.3] step  3500/5000 loss=3.947 intra=0.804 inter=-0.004 gap=0.808 rx_gap=0.051 tau=0.300
[const0.3] step  3750/5000 loss=3.905 intra=0.799 inter=0.001 gap=0.798 rx_gap=0.062 tau=0.300
[const0.3] step  4000/5000 loss=3.888 intra=0.805 inter=-0.007 gap=0.812 rx_gap=0.058 tau=0.300
[const0.3] step  4250/5000 loss=3.788 intra=0.795 inter=-0.019 gap=0.814 rx_gap=0.061 tau=0.300
[const0.3] step  4500/5000 loss=3.820 intra=0.800 inter=-0.011 gap=0.810 rx_gap=0.057 tau=0.300
[const0.3] step  4750/5000 loss=3.778 intra=0.799 inter=-0.010 gap=0.810 rx_gap=0.059 tau=0.300
[const0.3] step  5000/5000 loss=3.926 intra=0.800 inter=-0.012 gap=0.812 rx_gap=0.060 tau=0.300
[const0.3] DONE  peak=0.8149@3250  final=0.8119  drop=0.0030  STABLE

================================================================
SWEEP CONFIG: const0.5  (5000 steps)
================================================================
[const0.5] step     1/5000 loss=5.541 intra=0.990 inter=0.989 gap=0.001 rx_gap=0.001 tau=0.500
[const0.5] step   250/5000 loss=5.279 intra=0.818 inter=0.435 gap=0.384 rx_gap=0.040 tau=0.500
[const0.5] step   500/5000 loss=4.695 intra=0.791 inter=0.020 gap=0.771 rx_gap=0.048 tau=0.500
[const0.5] step   750/5000 loss=4.554 intra=0.779 inter=-0.022 gap=0.801 rx_gap=0.053 tau=0.500
[const0.5] step  1000/5000 loss=4.464 intra=0.782 inter=-0.030 gap=0.812 rx_gap=0.049 tau=0.500
[const0.5] step  1250/5000 loss=4.439 intra=0.805 inter=-0.024 gap=0.829 rx_gap=0.048 tau=0.500
[const0.5] step  1500/5000 loss=4.447 intra=0.806 inter=-0.036 gap=0.842 rx_gap=0.049 tau=0.500
[const0.5] step  1750/5000 loss=4.439 intra=0.812 inter=-0.019 gap=0.831 rx_gap=0.047 tau=0.500
[const0.5] step  2000/5000 loss=4.350 intra=0.806 inter=-0.027 gap=0.833 rx_gap=0.049 tau=0.500
[const0.5] step  2250/5000 loss=4.414 intra=0.792 inter=-0.018 gap=0.810 rx_gap=0.051 tau=0.500
[const0.5] step  2500/5000 loss=4.364 intra=0.812 inter=-0.015 gap=0.827 rx_gap=0.056 tau=0.500
[const0.5] step  2750/5000 loss=4.303 intra=0.801 inter=-0.025 gap=0.826 rx_gap=0.047 tau=0.500
[const0.5] step  3000/5000 loss=4.440 intra=0.803 inter=-0.027 gap=0.830 rx_gap=0.058 tau=0.500
[const0.5] step  3250/5000 loss=4.426 intra=0.817 inter=-0.031 gap=0.848 rx_gap=0.042 tau=0.500
[const0.5] step  3500/5000 loss=4.335 intra=0.817 inter=-0.025 gap=0.842 rx_gap=0.042 tau=0.500
[const0.5] step  3750/5000 loss=4.336 intra=0.821 inter=-0.015 gap=0.836 rx_gap=0.049 tau=0.500
[const0.5] step  4000/5000 loss=4.299 intra=0.816 inter=-0.033 gap=0.850 rx_gap=0.047 tau=0.500
[const0.5] step  4250/5000 loss=4.271 intra=0.811 inter=-0.038 gap=0.849 rx_gap=0.046 tau=0.500
[const0.5] step  4500/5000 loss=4.288 intra=0.817 inter=-0.032 gap=0.849 rx_gap=0.043 tau=0.500
[const0.5] step  4750/5000 loss=4.291 intra=0.822 inter=-0.031 gap=0.852 rx_gap=0.043 tau=0.500
[const0.5] step  5000/5000 loss=4.355 intra=0.821 inter=-0.032 gap=0.852 rx_gap=0.044 tau=0.500
[const0.5] DONE  peak=0.8524@4750  final=0.8523  drop=0.0001  STABLE

================================================================
SWEEP CONFIG: anneal0.5to0.2  (5000 steps)
================================================================
[anneal0.5to0.2] step     1/5000 loss=5.541 intra=0.990 inter=0.989 gap=0.001 rx_gap=0.001 tau=0.500
[anneal0.5to0.2] step   250/5000 loss=5.215 intra=0.828 inter=0.416 gap=0.412 rx_gap=0.034 tau=0.475
[anneal0.5to0.2] step   500/5000 loss=4.619 intra=0.809 inter=0.075 gap=0.734 rx_gap=0.039 tau=0.450
[anneal0.5to0.2] step   750/5000 loss=4.373 intra=0.762 inter=-0.021 gap=0.783 rx_gap=0.061 tau=0.425
[anneal0.5to0.2] step  1000/5000 loss=4.339 intra=0.772 inter=-0.013 gap=0.785 rx_gap=0.047 tau=0.400
[anneal0.5to0.2] step  1250/5000 loss=4.202 intra=0.798 inter=-0.016 gap=0.814 rx_gap=0.046 tau=0.375
[anneal0.5to0.2] step  1500/5000 loss=4.223 intra=0.793 inter=-0.021 gap=0.815 rx_gap=0.040 tau=0.350
[anneal0.5to0.2] step  1750/5000 loss=4.124 intra=0.802 inter=-0.009 gap=0.811 rx_gap=0.043 tau=0.325
[anneal0.5to0.2] step  2000/5000 loss=3.979 intra=0.796 inter=-0.013 gap=0.809 rx_gap=0.048 tau=0.300
[anneal0.5to0.2] step  2250/5000 loss=3.976 intra=0.781 inter=0.006 gap=0.775 rx_gap=0.064 tau=0.275
[anneal0.5to0.2] step  2500/5000 loss=3.836 intra=0.798 inter=0.022 gap=0.776 rx_gap=0.063 tau=0.250
[anneal0.5to0.2] step  2750/5000 loss=3.715 intra=0.803 inter=0.041 gap=0.762 rx_gap=0.055 tau=0.225
[anneal0.5to0.2] step  3000/5000 loss=3.879 intra=0.808 inter=0.065 gap=0.743 rx_gap=0.062 tau=0.200
[anneal0.5to0.2] step  3250/5000 loss=3.804 intra=0.814 inter=0.065 gap=0.750 rx_gap=0.045 tau=0.200
[anneal0.5to0.2] step  3500/5000 loss=3.778 intra=0.811 inter=0.077 gap=0.734 rx_gap=0.042 tau=0.200
[anneal0.5to0.2] step  3750/5000 loss=3.717 intra=0.807 inter=0.076 gap=0.731 rx_gap=0.052 tau=0.200
[anneal0.5to0.2] step  4000/5000 loss=3.685 intra=0.815 inter=0.072 gap=0.742 rx_gap=0.046 tau=0.200
[anneal0.5to0.2] step  4250/5000 loss=3.567 intra=0.808 inter=0.052 gap=0.755 rx_gap=0.046 tau=0.200
[anneal0.5to0.2] step  4500/5000 loss=3.623 intra=0.810 inter=0.062 gap=0.748 rx_gap=0.046 tau=0.200
[anneal0.5to0.2] step  4750/5000 loss=3.581 intra=0.806 inter=0.057 gap=0.749 rx_gap=0.049 tau=0.200
[anneal0.5to0.2] step  5000/5000 loss=3.710 intra=0.805 inter=0.055 gap=0.750 rx_gap=0.050 tau=0.200
[anneal0.5to0.2] DONE  peak=0.8147@1500  final=0.7502  drop=0.0645  STABLE

========================================================================
SWEEP COMPARISON  (winner = highest STABLE gap, not highest peak)
========================================================================
config            peak_gap   @step    final    drop    verdict    rx_gap[min,max]
const0.3            0.8149    3250   0.8119  0.0030     STABLE [0.001,0.066]
const0.5            0.8524    4750   0.8523  0.0001     STABLE [0.001,0.058]
anneal0.5to0.2      0.8147    1500   0.7502  0.0645     STABLE [0.001,0.064]

WINNER = const0.5  (peak 0.8524, stable)
saved -> /home/pw26_akp_01/CAPSTONE/DL_model/summer_work/runs/wisig_supcon_fft64/temp_sweep/sweep_summary.json
