/home/pw26_akp_01/rf_env/lib/python3.12/site-packages/sklearn/manifold/_spectral_embedding.py:324: UserWarning: Graph is not fully connected, spectral embedding may not work as expected.
  warnings.warn(
/home/pw26_akp_01/rf_env/lib/python3.12/site-packages/sklearn/manifold/_spectral_embedding.py:324: UserWarning: Graph is not fully connected, spectral embedding may not work as expected.
  warnings.warn(
/home/pw26_akp_01/rf_env/lib/python3.12/site-packages/sklearn/manifold/_spectral_embedding.py:324: UserWarning: Graph is not fully connected, spectral embedding may not work as expected.
  warnings.warn(
/home/pw26_akp_01/rf_env/lib/python3.12/site-packages/sklearn/manifold/_spectral_embedding.py:324: UserWarning: Graph is not fully connected, spectral embedding may not work as expected.
  warnings.warn(
/home/pw26_akp_01/rf_env/lib/python3.12/site-packages/sklearn/manifold/_spectral_embedding.py:324: UserWarning: Graph is not fully connected, spectral embedding may not work as expected.
  warnings.warn(
/home/pw26_akp_01/rf_env/lib/python3.12/site-packages/sklearn/manifold/_spectral_embedding.py:324: UserWarning: Graph is not fully connected, spectral embedding may not work as expected.
  warnings.warn(
/home/pw26_akp_01/rf_env/lib/python3.12/site-packages/sklearn/manifold/_spectral_embedding.py:324: UserWarning: Graph is not fully connected, spectral embedding may not work as expected.
  warnings.warn(
/home/pw26_akp_01/rf_env/lib/python3.12/site-packages/sklearn/manifold/_spectral_embedding.py:324: UserWarning: Graph is not fully connected, spectral embedding may not work as expected.
  warnings.warn(
/home/pw26_akp_01/rf_env/lib/python3.12/site-packages/sklearn/manifold/_spectral_embedding.py:324: UserWarning: Graph is not fully connected, spectral embedding may not work as expected.
  warnings.warn(
/home/pw26_akp_01/rf_env/lib/python3.12/site-packages/sklearn/manifold/_spectral_embedding.py:324: UserWarning: Graph is not fully connected, spectral embedding may not work as expected.
  warnings.warn(
/home/pw26_akp_01/rf_env/lib/python3.12/site-packages/sklearn/manifold/_spectral_embedding.py:324: UserWarning: Graph is not fully connected, spectral embedding may not work as expected.
  warnings.warn(
/home/pw26_akp_01/rf_env/lib/python3.12/site-packages/sklearn/manifold/_spectral_embedding.py:324: UserWarning: Graph is not fully connected, spectral embedding may not work as expected.
  warnings.warn(
/home/pw26_akp_01/rf_env/lib/python3.12/site-packages/sklearn/manifold/_spectral_embedding.py:324: UserWarning: Graph is not fully connected, spectral embedding may not work as expected.
  warnings.warn(
/home/pw26_akp_01/rf_env/lib/python3.12/site-packages/sklearn/manifold/_spectral_embedding.py:324: UserWarning: Graph is not fully connected, spectral embedding may not work as expected.
  warnings.warn(
/home/pw26_akp_01/rf_env/lib/python3.12/site-packages/sklearn/manifold/_spectral_embedding.py:324: UserWarning: Graph is not fully connected, spectral embedding may not work as expected.
  warnings.warn(
/home/pw26_akp_01/rf_env/lib/python3.12/site-packages/sklearn/manifold/_spectral_embedding.py:324: UserWarning: Graph is not fully connected, spectral embedding may not work as expected.
  warnings.warn(
/home/pw26_akp_01/rf_env/lib/python3.12/site-packages/sklearn/manifold/_spectral_embedding.py:324: UserWarning: Graph is not fully connected, spectral embedding may not work as expected.
  warnings.warn(
/home/pw26_akp_01/rf_env/lib/python3.12/site-packages/sklearn/manifold/_spectral_embedding.py:324: UserWarning: Graph is not fully connected, spectral embedding may not work as expected.
  warnings.warn(
/home/pw26_akp_01/rf_env/lib/python3.12/site-packages/sklearn/manifold/_spectral_embedding.py:324: UserWarning: Graph is not fully connected, spectral embedding may not work as expected.
  warnings.warn(
/home/pw26_akp_01/rf_env/lib/python3.12/site-packages/sklearn/manifold/_spectral_embedding.py:324: UserWarning: Graph is not fully connected, spectral embedding may not work as expected.
  warnings.warn(
/home/pw26_akp_01/rf_env/lib/python3.12/site-packages/sklearn/manifold/_spectral_embedding.py:324: UserWarning: Graph is not fully connected, spectral embedding may not work as expected.
  warnings.warn(
/home/pw26_akp_01/rf_env/lib/python3.12/site-packages/sklearn/manifold/_spectral_embedding.py:324: UserWarning: Graph is not fully connected, spectral embedding may not work as expected.
  warnings.warn(
/home/pw26_akp_01/rf_env/lib/python3.12/site-packages/sklearn/manifold/_spectral_embedding.py:324: UserWarning: Graph is not fully connected, spectral embedding may not work as expected.
  warnings.warn(
/home/pw26_akp_01/rf_env/lib/python3.12/site-packages/sklearn/manifold/_spectral_embedding.py:324: UserWarning: Graph is not fully connected, spectral embedding may not work as expected.
  warnings.warn(
/home/pw26_akp_01/rf_env/lib/python3.12/site-packages/sklearn/manifold/_spectral_embedding.py:324: UserWarning: Graph is not fully connected, spectral embedding may not work as expected.
  warnings.warn(
/home/pw26_akp_01/rf_env/lib/python3.12/site-packages/sklearn/manifold/_spectral_embedding.py:324: UserWarning: Graph is not fully connected, spectral embedding may not work as expected.
  warnings.warn(
/home/pw26_akp_01/rf_env/lib/python3.12/site-packages/sklearn/manifold/_spectral_embedding.py:324: UserWarning: Graph is not fully connected, spectral embedding may not work as expected.
  warnings.warn(
/home/pw26_akp_01/rf_env/lib/python3.12/site-packages/sklearn/manifold/_spectral_embedding.py:324: UserWarning: Graph is not fully connected, spectral embedding may not work as expected.
  warnings.warn(
/home/pw26_akp_01/rf_env/lib/python3.12/site-packages/sklearn/manifold/_spectral_embedding.py:324: UserWarning: Graph is not fully connected, spectral embedding may not work as expected.
  warnings.warn(
/home/pw26_akp_01/rf_env/lib/python3.12/site-packages/sklearn/manifold/_spectral_embedding.py:324: UserWarning: Graph is not fully connected, spectral embedding may not work as expected.
  warnings.warn(
/home/pw26_akp_01/rf_env/lib/python3.12/site-packages/sklearn/manifold/_spectral_embedding.py:324: UserWarning: Graph is not fully connected, spectral embedding may not work as expected.
  warnings.warn(
/home/pw26_akp_01/rf_env/lib/python3.12/site-packages/sklearn/manifold/_spectral_embedding.py:324: UserWarning: Graph is not fully connected, spectral embedding may not work as expected.
  warnings.warn(
/home/pw26_akp_01/rf_env/lib/python3.12/site-packages/sklearn/manifold/_spectral_embedding.py:324: UserWarning: Graph is not fully connected, spectral embedding may not work as expected.
  warnings.warn(
/home/pw26_akp_01/rf_env/lib/python3.12/site-packages/sklearn/manifold/_spectral_embedding.py:324: UserWarning: Graph is not fully connected, spectral embedding may not work as expected.
  warnings.warn(
/home/pw26_akp_01/rf_env/lib/python3.12/site-packages/sklearn/manifold/_spectral_embedding.py:324: UserWarning: Graph is not fully connected, spectral embedding may not work as expected.
  warnings.warn(
/home/pw26_akp_01/rf_env/lib/python3.12/site-packages/sklearn/manifold/_spectral_embedding.py:324: UserWarning: Graph is not fully connected, spectral embedding may not work as expected.
  warnings.warn(
/home/pw26_akp_01/rf_env/lib/python3.12/site-packages/sklearn/manifold/_spectral_embedding.py:324: UserWarning: Graph is not fully connected, spectral embedding may not work as expected.
  warnings.warn(
/home/pw26_akp_01/rf_env/lib/python3.12/site-packages/sklearn/manifold/_spectral_embedding.py:324: UserWarning: Graph is not fully connected, spectral embedding may not work as expected.
  warnings.warn(
/home/pw26_akp_01/rf_env/lib/python3.12/site-packages/sklearn/manifold/_spectral_embedding.py:324: UserWarning: Graph is not fully connected, spectral embedding may not work as expected.
  warnings.warn(
/home/pw26_akp_01/rf_env/lib/python3.12/site-packages/sklearn/manifold/_spectral_embedding.py:324: UserWarning: Graph is not fully connected, spectral embedding may not work as expected.
  warnings.warn(
/home/pw26_akp_01/rf_env/lib/python3.12/site-packages/sklearn/manifold/_spectral_embedding.py:324: UserWarning: Graph is not fully connected, spectral embedding may not work as expected.
  warnings.warn(
/home/pw26_akp_01/rf_env/lib/python3.12/site-packages/sklearn/manifold/_spectral_embedding.py:324: UserWarning: Graph is not fully connected, spectral embedding may not work as expected.
  warnings.warn(
/home/pw26_akp_01/rf_env/lib/python3.12/site-packages/sklearn/manifold/_spectral_embedding.py:324: UserWarning: Graph is not fully connected, spectral embedding may not work as expected.
  warnings.warn(
/home/pw26_akp_01/rf_env/lib/python3.12/site-packages/sklearn/manifold/_spectral_embedding.py:324: UserWarning: Graph is not fully connected, spectral embedding may not work as expected.
  warnings.warn(
/home/pw26_akp_01/rf_env/lib/python3.12/site-packages/sklearn/manifold/_spectral_embedding.py:324: UserWarning: Graph is not fully connected, spectral embedding may not work as expected.
  warnings.warn(
/home/pw26_akp_01/rf_env/lib/python3.12/site-packages/sklearn/manifold/_spectral_embedding.py:324: UserWarning: Graph is not fully connected, spectral embedding may not work as expected.
  warnings.warn(
/home/pw26_akp_01/rf_env/lib/python3.12/site-packages/sklearn/manifold/_spectral_embedding.py:324: UserWarning: Graph is not fully connected, spectral embedding may not work as expected.
  warnings.warn(
/home/pw26_akp_01/rf_env/lib/python3.12/site-packages/sklearn/manifold/_spectral_embedding.py:324: UserWarning: Graph is not fully connected, spectral embedding may not work as expected.
  warnings.warn(
/home/pw26_akp_01/rf_env/lib/python3.12/site-packages/sklearn/manifold/_spectral_embedding.py:324: UserWarning: Graph is not fully connected, spectral embedding may not work as expected.
  warnings.warn(
/home/pw26_akp_01/rf_env/lib/python3.12/site-packages/sklearn/manifold/_spectral_embedding.py:324: UserWarning: Graph is not fully connected, spectral embedding may not work as expected.
  warnings.warn(
/home/pw26_akp_01/rf_env/lib/python3.12/site-packages/sklearn/manifold/_spectral_embedding.py:324: UserWarning: Graph is not fully connected, spectral embedding may not work as expected.
  warnings.warn(
/home/pw26_akp_01/rf_env/lib/python3.12/site-packages/sklearn/manifold/_spectral_embedding.py:324: UserWarning: Graph is not fully connected, spectral embedding may not work as expected.
  warnings.warn(
/home/pw26_akp_01/rf_env/lib/python3.12/site-packages/sklearn/manifold/_spectral_embedding.py:324: UserWarning: Graph is not fully connected, spectral embedding may not work as expected.
  warnings.warn(
/home/pw26_akp_01/rf_env/lib/python3.12/site-packages/sklearn/manifold/_spectral_embedding.py:324: UserWarning: Graph is not fully connected, spectral embedding may not work as expected.
  warnings.warn(
/home/pw26_akp_01/rf_env/lib/python3.12/site-packages/sklearn/manifold/_spectral_embedding.py:324: UserWarning: Graph is not fully connected, spectral embedding may not work as expected.
  warnings.warn(
/home/pw26_akp_01/rf_env/lib/python3.12/site-packages/sklearn/manifold/_spectral_embedding.py:324: UserWarning: Graph is not fully connected, spectral embedding may not work as expected.
  warnings.warn(
/home/pw26_akp_01/rf_env/lib/python3.12/site-packages/sklearn/manifold/_spectral_embedding.py:324: UserWarning: Graph is not fully connected, spectral embedding may not work as expected.
  warnings.warn(
/home/pw26_akp_01/rf_env/lib/python3.12/site-packages/sklearn/manifold/_spectral_embedding.py:324: UserWarning: Graph is not fully connected, spectral embedding may not work as expected.
  warnings.warn(
/home/pw26_akp_01/rf_env/lib/python3.12/site-packages/sklearn/manifold/_spectral_embedding.py:324: UserWarning: Graph is not fully connected, spectral embedding may not work as expected.
  warnings.warn(
/home/pw26_akp_01/rf_env/lib/python3.12/site-packages/sklearn/manifold/_spectral_embedding.py:324: UserWarning: Graph is not fully connected, spectral embedding may not work as expected.
  warnings.warn(
/home/pw26_akp_01/rf_env/lib/python3.12/site-packages/sklearn/manifold/_spectral_embedding.py:324: UserWarning: Graph is not fully connected, spectral embedding may not work as expected.
  warnings.warn(
/home/pw26_akp_01/rf_env/lib/python3.12/site-packages/sklearn/manifold/_spectral_embedding.py:324: UserWarning: Graph is not fully connected, spectral embedding may not work as expected.
  warnings.warn(
/home/pw26_akp_01/rf_env/lib/python3.12/site-packages/sklearn/manifold/_spectral_embedding.py:324: UserWarning: Graph is not fully connected, spectral embedding may not work as expected.
  warnings.warn(
/home/pw26_akp_01/rf_env/lib/python3.12/site-packages/sklearn/manifold/_spectral_embedding.py:324: UserWarning: Graph is not fully connected, spectral embedding may not work as expected.
  warnings.warn(
/home/pw26_akp_01/rf_env/lib/python3.12/site-packages/sklearn/manifold/_spectral_embedding.py:324: UserWarning: Graph is not fully connected, spectral embedding may not work as expected.
  warnings.warn(
/home/pw26_akp_01/rf_env/lib/python3.12/site-packages/sklearn/manifold/_spectral_embedding.py:324: UserWarning: Graph is not fully connected, spectral embedding may not work as expected.
  warnings.warn(
/home/pw26_akp_01/rf_env/lib/python3.12/site-packages/sklearn/manifold/_spectral_embedding.py:324: UserWarning: Graph is not fully connected, spectral embedding may not work as expected.
  warnings.warn(
/home/pw26_akp_01/rf_env/lib/python3.12/site-packages/sklearn/manifold/_spectral_embedding.py:324: UserWarning: Graph is not fully connected, spectral embedding may not work as expected.
  warnings.warn(
/home/pw26_akp_01/rf_env/lib/python3.12/site-packages/sklearn/manifold/_spectral_embedding.py:324: UserWarning: Graph is not fully connected, spectral embedding may not work as expected.
  warnings.warn(
/home/pw26_akp_01/rf_env/lib/python3.12/site-packages/sklearn/manifold/_spectral_embedding.py:324: UserWarning: Graph is not fully connected, spectral embedding may not work as expected.
  warnings.warn(
/home/pw26_akp_01/rf_env/lib/python3.12/site-packages/sklearn/manifold/_spectral_embedding.py:324: UserWarning: Graph is not fully connected, spectral embedding may not work as expected.
  warnings.warn(
/home/pw26_akp_01/rf_env/lib/python3.12/site-packages/sklearn/manifold/_spectral_embedding.py:324: UserWarning: Graph is not fully connected, spectral embedding may not work as expected.
  warnings.warn(
/home/pw26_akp_01/rf_env/lib/python3.12/site-packages/sklearn/manifold/_spectral_embedding.py:324: UserWarning: Graph is not fully connected, spectral embedding may not work as expected.
  warnings.warn(
/home/pw26_akp_01/rf_env/lib/python3.12/site-packages/sklearn/manifold/_spectral_embedding.py:324: UserWarning: Graph is not fully connected, spectral embedding may not work as expected.
  warnings.warn(
/home/pw26_akp_01/rf_env/lib/python3.12/site-packages/sklearn/manifold/_spectral_embedding.py:324: UserWarning: Graph is not fully connected, spectral embedding may not work as expected.
  warnings.warn(
/home/pw26_akp_01/rf_env/lib/python3.12/site-packages/sklearn/manifold/_spectral_embedding.py:324: UserWarning: Graph is not fully connected, spectral embedding may not work as expected.
  warnings.warn(
/home/pw26_akp_01/rf_env/lib/python3.12/site-packages/sklearn/manifold/_spectral_embedding.py:324: UserWarning: Graph is not fully connected, spectral embedding may not work as expected.
  warnings.warn(
/home/pw26_akp_01/rf_env/lib/python3.12/site-packages/sklearn/manifold/_spectral_embedding.py:324: UserWarning: Graph is not fully connected, spectral embedding may not work as expected.
  warnings.warn(
/home/pw26_akp_01/rf_env/lib/python3.12/site-packages/sklearn/manifold/_spectral_embedding.py:324: UserWarning: Graph is not fully connected, spectral embedding may not work as expected.
  warnings.warn(
/home/pw26_akp_01/rf_env/lib/python3.12/site-packages/sklearn/manifold/_spectral_embedding.py:324: UserWarning: Graph is not fully connected, spectral embedding may not work as expected.
  warnings.warn(
/home/pw26_akp_01/rf_env/lib/python3.12/site-packages/sklearn/manifold/_spectral_embedding.py:324: UserWarning: Graph is not fully connected, spectral embedding may not work as expected.
  warnings.warn(
/home/pw26_akp_01/rf_env/lib/python3.12/site-packages/sklearn/manifold/_spectral_embedding.py:324: UserWarning: Graph is not fully connected, spectral embedding may not work as expected.
  warnings.warn(
/home/pw26_akp_01/rf_env/lib/python3.12/site-packages/sklearn/manifold/_spectral_embedding.py:324: UserWarning: Graph is not fully connected, spectral embedding may not work as expected.
  warnings.warn(
/home/pw26_akp_01/rf_env/lib/python3.12/site-packages/sklearn/manifold/_spectral_embedding.py:324: UserWarning: Graph is not fully connected, spectral embedding may not work as expected.
  warnings.warn(
/home/pw26_akp_01/rf_env/lib/python3.12/site-packages/sklearn/manifold/_spectral_embedding.py:324: UserWarning: Graph is not fully connected, spectral embedding may not work as expected.
  warnings.warn(
/home/pw26_akp_01/rf_env/lib/python3.12/site-packages/sklearn/manifold/_spectral_embedding.py:324: UserWarning: Graph is not fully connected, spectral embedding may not work as expected.
  warnings.warn(
/home/pw26_akp_01/rf_env/lib/python3.12/site-packages/sklearn/manifold/_spectral_embedding.py:324: UserWarning: Graph is not fully connected, spectral embedding may not work as expected.
  warnings.warn(
/home/pw26_akp_01/rf_env/lib/python3.12/site-packages/sklearn/manifold/_spectral_embedding.py:324: UserWarning: Graph is not fully connected, spectral embedding may not work as expected.
  warnings.warn(
/home/pw26_akp_01/rf_env/lib/python3.12/site-packages/sklearn/manifold/_spectral_embedding.py:324: UserWarning: Graph is not fully connected, spectral embedding may not work as expected.
  warnings.warn(
/home/pw26_akp_01/rf_env/lib/python3.12/site-packages/sklearn/manifold/_spectral_embedding.py:324: UserWarning: Graph is not fully connected, spectral embedding may not work as expected.
  warnings.warn(
/home/pw26_akp_01/rf_env/lib/python3.12/site-packages/sklearn/manifold/_spectral_embedding.py:324: UserWarning: Graph is not fully connected, spectral embedding may not work as expected.
  warnings.warn(
/home/pw26_akp_01/rf_env/lib/python3.12/site-packages/sklearn/manifold/_spectral_embedding.py:324: UserWarning: Graph is not fully connected, spectral embedding may not work as expected.
  warnings.warn(
/home/pw26_akp_01/rf_env/lib/python3.12/site-packages/sklearn/manifold/_spectral_embedding.py:324: UserWarning: Graph is not fully connected, spectral embedding may not work as expected.
  warnings.warn(
/home/pw26_akp_01/rf_env/lib/python3.12/site-packages/sklearn/manifold/_spectral_embedding.py:324: UserWarning: Graph is not fully connected, spectral embedding may not work as expected.
  warnings.warn(
/home/pw26_akp_01/rf_env/lib/python3.12/site-packages/sklearn/manifold/_spectral_embedding.py:324: UserWarning: Graph is not fully connected, spectral embedding may not work as expected.
  warnings.warn(
/home/pw26_akp_01/rf_env/lib/python3.12/site-packages/sklearn/manifold/_spectral_embedding.py:324: UserWarning: Graph is not fully connected, spectral embedding may not work as expected.
  warnings.warn(
/home/pw26_akp_01/rf_env/lib/python3.12/site-packages/sklearn/manifold/_spectral_embedding.py:324: UserWarning: Graph is not fully connected, spectral embedding may not work as expected.
  warnings.warn(
/home/pw26_akp_01/rf_env/lib/python3.12/site-packages/sklearn/manifold/_spectral_embedding.py:324: UserWarning: Graph is not fully connected, spectral embedding may not work as expected.
  warnings.warn(
/home/pw26_akp_01/rf_env/lib/python3.12/site-packages/sklearn/manifold/_spectral_embedding.py:324: UserWarning: Graph is not fully connected, spectral embedding may not work as expected.
  warnings.warn(
/home/pw26_akp_01/rf_env/lib/python3.12/site-packages/sklearn/manifold/_spectral_embedding.py:324: UserWarning: Graph is not fully connected, spectral embedding may not work as expected.
  warnings.warn(
/home/pw26_akp_01/rf_env/lib/python3.12/site-packages/sklearn/manifold/_spectral_embedding.py:324: UserWarning: Graph is not fully connected, spectral embedding may not work as expected.
  warnings.warn(
/home/pw26_akp_01/rf_env/lib/python3.12/site-packages/sklearn/manifold/_spectral_embedding.py:324: UserWarning: Graph is not fully connected, spectral embedding may not work as expected.
  warnings.warn(
/home/pw26_akp_01/rf_env/lib/python3.12/site-packages/sklearn/manifold/_spectral_embedding.py:324: UserWarning: Graph is not fully connected, spectral embedding may not work as expected.
  warnings.warn(
/home/pw26_akp_01/rf_env/lib/python3.12/site-packages/sklearn/manifold/_spectral_embedding.py:324: UserWarning: Graph is not fully connected, spectral embedding may not work as expected.
  warnings.warn(
/home/pw26_akp_01/rf_env/lib/python3.12/site-packages/sklearn/manifold/_spectral_embedding.py:324: UserWarning: Graph is not fully connected, spectral embedding may not work as expected.
  warnings.warn(
/home/pw26_akp_01/rf_env/lib/python3.12/site-packages/sklearn/manifold/_spectral_embedding.py:324: UserWarning: Graph is not fully connected, spectral embedding may not work as expected.
  warnings.warn(
/home/pw26_akp_01/rf_env/lib/python3.12/site-packages/sklearn/manifold/_spectral_embedding.py:324: UserWarning: Graph is not fully connected, spectral embedding may not work as expected.
  warnings.warn(
/home/pw26_akp_01/rf_env/lib/python3.12/site-packages/sklearn/manifold/_spectral_embedding.py:324: UserWarning: Graph is not fully connected, spectral embedding may not work as expected.
  warnings.warn(
/home/pw26_akp_01/rf_env/lib/python3.12/site-packages/sklearn/manifold/_spectral_embedding.py:324: UserWarning: Graph is not fully connected, spectral embedding may not work as expected.
  warnings.warn(
/home/pw26_akp_01/rf_env/lib/python3.12/site-packages/sklearn/manifold/_spectral_embedding.py:324: UserWarning: Graph is not fully connected, spectral embedding may not work as expected.
  warnings.warn(
/home/pw26_akp_01/rf_env/lib/python3.12/site-packages/sklearn/manifold/_spectral_embedding.py:324: UserWarning: Graph is not fully connected, spectral embedding may not work as expected.
  warnings.warn(
/home/pw26_akp_01/rf_env/lib/python3.12/site-packages/sklearn/manifold/_spectral_embedding.py:324: UserWarning: Graph is not fully connected, spectral embedding may not work as expected.
  warnings.warn(
/home/pw26_akp_01/rf_env/lib/python3.12/site-packages/sklearn/manifold/_spectral_embedding.py:324: UserWarning: Graph is not fully connected, spectral embedding may not work as expected.
  warnings.warn(
/home/pw26_akp_01/rf_env/lib/python3.12/site-packages/sklearn/manifold/_spectral_embedding.py:324: UserWarning: Graph is not fully connected, spectral embedding may not work as expected.
  warnings.warn(
/home/pw26_akp_01/rf_env/lib/python3.12/site-packages/sklearn/manifold/_spectral_embedding.py:324: UserWarning: Graph is not fully connected, spectral embedding may not work as expected.
  warnings.warn(
/home/pw26_akp_01/rf_env/lib/python3.12/site-packages/sklearn/manifold/_spectral_embedding.py:324: UserWarning: Graph is not fully connected, spectral embedding may not work as expected.
  warnings.warn(
/home/pw26_akp_01/rf_env/lib/python3.12/site-packages/sklearn/manifold/_spectral_embedding.py:324: UserWarning: Graph is not fully connected, spectral embedding may not work as expected.
  warnings.warn(
/home/pw26_akp_01/rf_env/lib/python3.12/site-packages/sklearn/manifold/_spectral_embedding.py:324: UserWarning: Graph is not fully connected, spectral embedding may not work as expected.
  warnings.warn(
/home/pw26_akp_01/rf_env/lib/python3.12/site-packages/sklearn/manifold/_spectral_embedding.py:324: UserWarning: Graph is not fully connected, spectral embedding may not work as expected.
  warnings.warn(
/home/pw26_akp_01/rf_env/lib/python3.12/site-packages/sklearn/manifold/_spectral_embedding.py:324: UserWarning: Graph is not fully connected, spectral embedding may not work as expected.
  warnings.warn(
/home/pw26_akp_01/rf_env/lib/python3.12/site-packages/sklearn/manifold/_spectral_embedding.py:324: UserWarning: Graph is not fully connected, spectral embedding may not work as expected.
  warnings.warn(
/home/pw26_akp_01/rf_env/lib/python3.12/site-packages/sklearn/manifold/_spectral_embedding.py:324: UserWarning: Graph is not fully connected, spectral embedding may not work as expected.
  warnings.warn(
/home/pw26_akp_01/rf_env/lib/python3.12/site-packages/sklearn/manifold/_spectral_embedding.py:324: UserWarning: Graph is not fully connected, spectral embedding may not work as expected.
  warnings.warn(
/home/pw26_akp_01/rf_env/lib/python3.12/site-packages/sklearn/manifold/_spectral_embedding.py:324: UserWarning: Graph is not fully connected, spectral embedding may not work as expected.
  warnings.warn(
/home/pw26_akp_01/rf_env/lib/python3.12/site-packages/sklearn/manifold/_spectral_embedding.py:324: UserWarning: Graph is not fully connected, spectral embedding may not work as expected.
  warnings.warn(
/home/pw26_akp_01/rf_env/lib/python3.12/site-packages/sklearn/manifold/_spectral_embedding.py:324: UserWarning: Graph is not fully connected, spectral embedding may not work as expected.
  warnings.warn(
/home/pw26_akp_01/rf_env/lib/python3.12/site-packages/sklearn/manifold/_spectral_embedding.py:324: UserWarning: Graph is not fully connected, spectral embedding may not work as expected.
  warnings.warn(
/home/pw26_akp_01/rf_env/lib/python3.12/site-packages/sklearn/manifold/_spectral_embedding.py:324: UserWarning: Graph is not fully connected, spectral embedding may not work as expected.
  warnings.warn(
/home/pw26_akp_01/rf_env/lib/python3.12/site-packages/sklearn/manifold/_spectral_embedding.py:324: UserWarning: Graph is not fully connected, spectral embedding may not work as expected.
  warnings.warn(
/home/pw26_akp_01/rf_env/lib/python3.12/site-packages/sklearn/manifold/_spectral_embedding.py:324: UserWarning: Graph is not fully connected, spectral embedding may not work as expected.
  warnings.warn(
/home/pw26_akp_01/rf_env/lib/python3.12/site-packages/sklearn/manifold/_spectral_embedding.py:324: UserWarning: Graph is not fully connected, spectral embedding may not work as expected.
  warnings.warn(
/home/pw26_akp_01/rf_env/lib/python3.12/site-packages/sklearn/manifold/_spectral_embedding.py:324: UserWarning: Graph is not fully connected, spectral embedding may not work as expected.
  warnings.warn(
/home/pw26_akp_01/rf_env/lib/python3.12/site-packages/sklearn/manifold/_spectral_embedding.py:324: UserWarning: Graph is not fully connected, spectral embedding may not work as expected.
  warnings.warn(
/home/pw26_akp_01/rf_env/lib/python3.12/site-packages/sklearn/manifold/_spectral_embedding.py:324: UserWarning: Graph is not fully connected, spectral embedding may not work as expected.
  warnings.warn(
/home/pw26_akp_01/rf_env/lib/python3.12/site-packages/sklearn/manifold/_spectral_embedding.py:324: UserWarning: Graph is not fully connected, spectral embedding may not work as expected.
  warnings.warn(
/home/pw26_akp_01/rf_env/lib/python3.12/site-packages/sklearn/manifold/_spectral_embedding.py:324: UserWarning: Graph is not fully connected, spectral embedding may not work as expected.
  warnings.warn(
/home/pw26_akp_01/rf_env/lib/python3.12/site-packages/sklearn/manifold/_spectral_embedding.py:324: UserWarning: Graph is not fully connected, spectral embedding may not work as expected.
  warnings.warn(
/home/pw26_akp_01/rf_env/lib/python3.12/site-packages/sklearn/manifold/_spectral_embedding.py:324: UserWarning: Graph is not fully connected, spectral embedding may not work as expected.
  warnings.warn(
/home/pw26_akp_01/rf_env/lib/python3.12/site-packages/sklearn/manifold/_spectral_embedding.py:324: UserWarning: Graph is not fully connected, spectral embedding may not work as expected.
  warnings.warn(
/home/pw26_akp_01/rf_env/lib/python3.12/site-packages/sklearn/manifold/_spectral_embedding.py:324: UserWarning: Graph is not fully connected, spectral embedding may not work as expected.
  warnings.warn(
/home/pw26_akp_01/rf_env/lib/python3.12/site-packages/sklearn/manifold/_spectral_embedding.py:324: UserWarning: Graph is not fully connected, spectral embedding may not work as expected.
  warnings.warn(
/home/pw26_akp_01/rf_env/lib/python3.12/site-packages/sklearn/manifold/_spectral_embedding.py:324: UserWarning: Graph is not fully connected, spectral embedding may not work as expected.
  warnings.warn(
/home/pw26_akp_01/rf_env/lib/python3.12/site-packages/sklearn/manifold/_spectral_embedding.py:324: UserWarning: Graph is not fully connected, spectral embedding may not work as expected.
  warnings.warn(
/home/pw26_akp_01/rf_env/lib/python3.12/site-packages/sklearn/manifold/_spectral_embedding.py:324: UserWarning: Graph is not fully connected, spectral embedding may not work as expected.
  warnings.warn(
/home/pw26_akp_01/rf_env/lib/python3.12/site-packages/sklearn/manifold/_spectral_embedding.py:324: UserWarning: Graph is not fully connected, spectral embedding may not work as expected.
  warnings.warn(
/home/pw26_akp_01/rf_env/lib/python3.12/site-packages/sklearn/manifold/_spectral_embedding.py:324: UserWarning: Graph is not fully connected, spectral embedding may not work as expected.
  warnings.warn(
/home/pw26_akp_01/rf_env/lib/python3.12/site-packages/sklearn/manifold/_spectral_embedding.py:324: UserWarning: Graph is not fully connected, spectral embedding may not work as expected.
  warnings.warn(
/home/pw26_akp_01/rf_env/lib/python3.12/site-packages/sklearn/manifold/_spectral_embedding.py:324: UserWarning: Graph is not fully connected, spectral embedding may not work as expected.
  warnings.warn(
/home/pw26_akp_01/rf_env/lib/python3.12/site-packages/sklearn/manifold/_spectral_embedding.py:324: UserWarning: Graph is not fully connected, spectral embedding may not work as expected.
  warnings.warn(
/home/pw26_akp_01/rf_env/lib/python3.12/site-packages/sklearn/manifold/_spectral_embedding.py:324: UserWarning: Graph is not fully connected, spectral embedding may not work as expected.
  warnings.warn(
/home/pw26_akp_01/rf_env/lib/python3.12/site-packages/sklearn/manifold/_spectral_embedding.py:324: UserWarning: Graph is not fully connected, spectral embedding may not work as expected.
  warnings.warn(
/home/pw26_akp_01/rf_env/lib/python3.12/site-packages/sklearn/manifold/_spectral_embedding.py:324: UserWarning: Graph is not fully connected, spectral embedding may not work as expected.
  warnings.warn(
/home/pw26_akp_01/rf_env/lib/python3.12/site-packages/sklearn/manifold/_spectral_embedding.py:324: UserWarning: Graph is not fully connected, spectral embedding may not work as expected.
  warnings.warn(
/home/pw26_akp_01/rf_env/lib/python3.12/site-packages/sklearn/manifold/_spectral_embedding.py:324: UserWarning: Graph is not fully connected, spectral embedding may not work as expected.
  warnings.warn(
/home/pw26_akp_01/rf_env/lib/python3.12/site-packages/sklearn/manifold/_spectral_embedding.py:324: UserWarning: Graph is not fully connected, spectral embedding may not work as expected.
  warnings.warn(
/home/pw26_akp_01/rf_env/lib/python3.12/site-packages/sklearn/manifold/_spectral_embedding.py:324: UserWarning: Graph is not fully connected, spectral embedding may not work as expected.
  warnings.warn(
/home/pw26_akp_01/rf_env/lib/python3.12/site-packages/sklearn/manifold/_spectral_embedding.py:324: UserWarning: Graph is not fully connected, spectral embedding may not work as expected.
  warnings.warn(
/home/pw26_akp_01/rf_env/lib/python3.12/site-packages/sklearn/manifold/_spectral_embedding.py:324: UserWarning: Graph is not fully connected, spectral embedding may not work as expected.
  warnings.warn(
/home/pw26_akp_01/rf_env/lib/python3.12/site-packages/sklearn/manifold/_spectral_embedding.py:324: UserWarning: Graph is not fully connected, spectral embedding may not work as expected.
  warnings.warn(
/home/pw26_akp_01/rf_env/lib/python3.12/site-packages/sklearn/manifold/_spectral_embedding.py:324: UserWarning: Graph is not fully connected, spectral embedding may not work as expected.
  warnings.warn(
/home/pw26_akp_01/rf_env/lib/python3.12/site-packages/sklearn/manifold/_spectral_embedding.py:324: UserWarning: Graph is not fully connected, spectral embedding may not work as expected.
  warnings.warn(
/home/pw26_akp_01/rf_env/lib/python3.12/site-packages/sklearn/manifold/_spectral_embedding.py:324: UserWarning: Graph is not fully connected, spectral embedding may not work as expected.
  warnings.warn(
/home/pw26_akp_01/rf_env/lib/python3.12/site-packages/sklearn/manifold/_spectral_embedding.py:324: UserWarning: Graph is not fully connected, spectral embedding may not work as expected.
  warnings.warn(
/home/pw26_akp_01/rf_env/lib/python3.12/site-packages/sklearn/manifold/_spectral_embedding.py:324: UserWarning: Graph is not fully connected, spectral embedding may not work as expected.
  warnings.warn(
/home/pw26_akp_01/rf_env/lib/python3.12/site-packages/sklearn/manifold/_spectral_embedding.py:324: UserWarning: Graph is not fully connected, spectral embedding may not work as expected.
  warnings.warn(
/home/pw26_akp_01/rf_env/lib/python3.12/site-packages/sklearn/manifold/_spectral_embedding.py:324: UserWarning: Graph is not fully connected, spectral embedding may not work as expected.
  warnings.warn(
/home/pw26_akp_01/rf_env/lib/python3.12/site-packages/sklearn/manifold/_spectral_embedding.py:324: UserWarning: Graph is not fully connected, spectral embedding may not work as expected.
  warnings.warn(
/home/pw26_akp_01/rf_env/lib/python3.12/site-packages/sklearn/manifold/_spectral_embedding.py:324: UserWarning: Graph is not fully connected, spectral embedding may not work as expected.
  warnings.warn(
/home/pw26_akp_01/rf_env/lib/python3.12/site-packages/sklearn/manifold/_spectral_embedding.py:324: UserWarning: Graph is not fully connected, spectral embedding may not work as expected.
  warnings.warn(
/home/pw26_akp_01/rf_env/lib/python3.12/site-packages/sklearn/manifold/_spectral_embedding.py:324: UserWarning: Graph is not fully connected, spectral embedding may not work as expected.
  warnings.warn(
/home/pw26_akp_01/rf_env/lib/python3.12/site-packages/sklearn/manifold/_spectral_embedding.py:324: UserWarning: Graph is not fully connected, spectral embedding may not work as expected.
  warnings.warn(
/home/pw26_akp_01/rf_env/lib/python3.12/site-packages/sklearn/manifold/_spectral_embedding.py:324: UserWarning: Graph is not fully connected, spectral embedding may not work as expected.
  warnings.warn(
/home/pw26_akp_01/rf_env/lib/python3.12/site-packages/sklearn/manifold/_spectral_embedding.py:324: UserWarning: Graph is not fully connected, spectral embedding may not work as expected.
  warnings.warn(
/home/pw26_akp_01/rf_env/lib/python3.12/site-packages/sklearn/manifold/_spectral_embedding.py:324: UserWarning: Graph is not fully connected, spectral embedding may not work as expected.
  warnings.warn(
/home/pw26_akp_01/rf_env/lib/python3.12/site-packages/sklearn/manifold/_spectral_embedding.py:324: UserWarning: Graph is not fully connected, spectral embedding may not work as expected.
  warnings.warn(
/home/pw26_akp_01/rf_env/lib/python3.12/site-packages/sklearn/manifold/_spectral_embedding.py:324: UserWarning: Graph is not fully connected, spectral embedding may not work as expected.
  warnings.warn(
/home/pw26_akp_01/rf_env/lib/python3.12/site-packages/sklearn/manifold/_spectral_embedding.py:324: UserWarning: Graph is not fully connected, spectral embedding may not work as expected.
  warnings.warn(
[0] loading cached F512 (features_B.npz) — NO GPU ...
    cached mavicAir2: 2560 windows, 252 segments, 8 airframes
[0] reproducing build_subset('B', all_af) window order on CPU (decimate mavicAir2 only) ...
    reproduced 2560 windows; alignment vs cached F512 metadata: VERIFIED
[0] computing classical-19 (25 MS/s) on reproduced windows (CPU) ...

============================================================================
LEVER 1 — small-K subsets (C(8,4)=70, C(8,3)=56)
============================================================================
  K=4     classical-19: HDB ARI=0.207+/-0.128 | frac>=0.6=0.0 | oracle km=0.339 | correctK=0.386 (n=70)
  K=4       frozen-512: HDB ARI=0.136+/-0.111 | frac>=0.6=0.0 | oracle km=0.339 | correctK=0.114 (n=70)
  K=4  hybrid-pca64+19: HDB ARI=0.176+/-0.116 | frac>=0.6=0.0 | oracle km=0.282 | correctK=0.329 (n=70)
  K=3     classical-19: HDB ARI=0.214+/-0.16 | frac>=0.6=0.0 | oracle km=0.397 | correctK=0.196 (n=56)
  K=3       frozen-512: HDB ARI=0.169+/-0.177 | frac>=0.6=0.0 | oracle km=0.391 | correctK=0.054 (n=56)
  K=3  hybrid-pca64+19: HDB ARI=0.179+/-0.152 | frac>=0.6=0.0 | oracle km=0.334 | correctK=0.196 (n=56)

============================================================================
LEVER 2 — burst-size N sweep {10,50,200,per-segment}
============================================================================
  full8     classical-19      10 (N=10): HDB ARI=0.116 oracle km=0.207 Kest=2.0 (n=1)
  full8  hybrid-pca64+19      10 (N=10): HDB ARI=0.165 oracle km=0.244 Kest=2.5 (n=1)
  full8     classical-19      50 (N=50): HDB ARI=0.311 oracle km=0.586 Kest=3.0 (n=1)
  full8  hybrid-pca64+19      50 (N=50): HDB ARI=0.234 oracle km=0.326 Kest=2.5 (n=1)
  full8     classical-19     200 (N=200->per-seg(fallback)): HDB ARI=0.03 oracle km=0.046 Kest=5.5 (n=1)
  full8  hybrid-pca64+19     200 (N=200->per-seg(fallback)): HDB ARI=0.074 oracle km=0.082 Kest=9.0 (n=1)
  full8     classical-19  perseg (per-segment): HDB ARI=0.03 oracle km=0.046 Kest=5.5 (n=1)
  full8  hybrid-pca64+19  perseg (per-segment): HDB ARI=0.074 oracle km=0.082 Kest=9.0 (n=1)
     K4     classical-19      10 (N=10): HDB ARI=0.207 oracle km=0.339 Kest=4.09 (n=70)
     K4  hybrid-pca64+19      10 (N=10): HDB ARI=0.176 oracle km=0.282 Kest=3.07 (n=70)
     K4     classical-19      50 (N=50): HDB ARI=0.44 oracle km=0.808 Kest=2.44 (n=70)
     K4  hybrid-pca64+19      50 (N=50): HDB ARI=0.299 oracle km=0.548 Kest=2.01 (n=70)
     K4     classical-19     200 (N=200->per-seg(fallback)): HDB ARI=0.054 oracle km=0.039 Kest=7.49 (n=70)
     K4  hybrid-pca64+19     200 (N=200->per-seg(fallback)): HDB ARI=0.048 oracle km=0.045 Kest=5.29 (n=70)
     K4     classical-19  perseg (per-segment): HDB ARI=0.054 oracle km=0.039 Kest=7.49 (n=70)
     K4  hybrid-pca64+19  perseg (per-segment): HDB ARI=0.048 oracle km=0.045 Kest=5.29 (n=70)

============================================================================
LEVER 3 — full-band native classical (50 MS/s, per-segment, 36-D fixed)
============================================================================
[L3] computing 36-D native features per mavicAir2 segment ...
    252 segments featurized (0 skipped); dims=36
  classical-19(25MS/s,per-seg) full8: HDB ARI=0.03 oracle km=0.046 correctK=0.0 (n=1)
  classical-19(25MS/s,per-seg)    K4: HDB ARI=0.054 oracle km=0.039 correctK=0.0 (n=70)
       fullband-native(50MS/s) full8: HDB ARI=0.03 oracle km=0.086 correctK=0.0 (n=1)
       fullband-native(50MS/s)    K4: HDB ARI=0.06 oracle km=0.069 correctK=0.114 (n=70)
      fullband(+)encoder-block full8: HDB ARI=0.038 oracle km=0.057 correctK=0.0 (n=1)
      fullband(+)encoder-block    K4: HDB ARI=0.053 oracle km=0.037 correctK=0.071 (n=70)

=== GATE ===
NOT gated. Best K4 deployable: classical-19 [K4/N50] HDB ARI=0.44 (correctK best 0.386); best K3 HDB ARI=0.214 (classical-19).
N-curve (hybrid, full8): [('10', 0.165), ('50', 0.234), ('200', 0.074), ('perseg', 0.074)]

saved -> results/demo_play0/ (demo_ledger.csv[DEMO-SIDE — NOT PAPER RESULTS], lever1/2/3 csv, report.json)
CHECKPOINT — DEMO-side; no GPU; no training; paper tables untouched; TEST/M100 sealed.
